Component: ARM Compiler 5.05 update 1 (build 106) Tool: armlink [4d0efa]

==============================================================================

Section Cross References

    startup_stm32f427x.o(RESET) refers to startup_stm32f427x.o(STACK) for __initial_sp
    startup_stm32f427x.o(RESET) refers to startup_stm32f427x.o(.text) for Reset_Handler
    startup_stm32f427x.o(RESET) refers to stm32f4xx_it.o(i.NMI_Handler) for NMI_Handler
    startup_stm32f427x.o(RESET) refers to stm32f4xx_it.o(i.HardFault_Handler) for HardFault_Handler
    startup_stm32f427x.o(RESET) refers to stm32f4xx_it.o(i.MemManage_Handler) for MemManage_Handler
    startup_stm32f427x.o(RESET) refers to stm32f4xx_it.o(i.BusFault_Handler) for BusFault_Handler
    startup_stm32f427x.o(RESET) refers to stm32f4xx_it.o(i.UsageFault_Handler) for UsageFault_Handler
    startup_stm32f427x.o(RESET) refers to stm32f4xx_it.o(i.DebugMon_Handler) for DebugMon_Handler
    startup_stm32f427x.o(RESET) refers to stm32f4xx_it.o(i.SysTick_Handler) for SysTick_Handler
    startup_stm32f427x.o(RESET) refers to stm32f4xx_it.o(i.EXTI1_IRQHandler) for EXTI1_IRQHandler
    startup_stm32f427x.o(RESET) refers to serial_hand.o(i.USART1_IRQHandler) for USART1_IRQHandler
    startup_stm32f427x.o(RESET) refers to stm32f4xx_it.o(i.EXTI15_10_IRQHandler) for EXTI15_10_IRQHandler
    startup_stm32f427x.o(RESET) refers to stm32f4xx_it.o(i.ETH_IRQHandler) for ETH_IRQHandler
    startup_stm32f427x.o(RESET) refers to usart6_cofig.o(i.USART6_IRQHandler) for USART6_IRQHandler
    startup_stm32f427x.o(.text) refers to system_stm32f4xx.o(i.SystemInit) for SystemInit
    startup_stm32f427x.o(.text) refers to entry.o(.ARM.Collect$$$$00000000) for __main
    system_stm32f4xx.o(i.SystemCoreClockUpdate) refers to system_stm32f4xx.o(.data) for .data
    system_stm32f4xx.o(i.SystemInit) refers to system_stm32f4xx.o(i.SetSysClock) for SetSysClock
    stm32f4xx_it.o(i.ETH_IRQHandler) refers to stm32f4x7_eth.o(i.ETH_GetDMAFlagStatus) for ETH_GetDMAFlagStatus
    stm32f4xx_it.o(i.ETH_IRQHandler) refers to netconf.o(i.LwIP_Pkt_Handle) for LwIP_Pkt_Handle
    stm32f4xx_it.o(i.ETH_IRQHandler) refers to stm32f4x7_eth.o(i.ETH_GetRxPktSize) for ETH_GetRxPktSize
    stm32f4xx_it.o(i.ETH_IRQHandler) refers to stm32f4x7_eth.o(i.ETH_DMAClearITPendingBit) for ETH_DMAClearITPendingBit
    stm32f4xx_it.o(i.EXTI1_IRQHandler) refers to stm32f4xx_exti.o(i.EXTI_GetITStatus) for EXTI_GetITStatus
    stm32f4xx_it.o(i.EXTI1_IRQHandler) refers to stmptp_sys_time.o(i.getTime) for getTime
    stm32f4xx_it.o(i.EXTI1_IRQHandler) refers to stm32f4xx_gpio.o(i.GPIO_SetBits) for GPIO_SetBits
    stm32f4xx_it.o(i.EXTI1_IRQHandler) refers to stm32f4xx_exti.o(i.EXTI_ClearITPendingBit) for EXTI_ClearITPendingBit
    stm32f4xx_it.o(i.EXTI1_IRQHandler) refers to main.o(.bss) for sTime
    stm32f4xx_it.o(i.EXTI1_IRQHandler) refers to ntp.o(.data) for ntpsendf
    stm32f4xx_it.o(i.SysTick_Handler) refers to main.o(i.Time_Update) for Time_Update
    stm32f4x7_eth_bsp.o(i.ETH_GPIO_Config) refers to stm32f4xx_rcc.o(i.RCC_AHB1PeriphClockCmd) for RCC_AHB1PeriphClockCmd
    stm32f4x7_eth_bsp.o(i.ETH_GPIO_Config) refers to stm32f4xx_rcc.o(i.RCC_APB2PeriphClockCmd) for RCC_APB2PeriphClockCmd
    stm32f4x7_eth_bsp.o(i.ETH_GPIO_Config) refers to stm32f4xx_gpio.o(i.GPIO_Init) for GPIO_Init
    stm32f4x7_eth_bsp.o(i.ETH_GPIO_Config) refers to stm32f4xx_rcc.o(i.RCC_MCO1Config) for RCC_MCO1Config
    stm32f4x7_eth_bsp.o(i.ETH_GPIO_Config) refers to stm32f4xx_syscfg.o(i.SYSCFG_ETH_MediaInterfaceConfig) for SYSCFG_ETH_MediaInterfaceConfig
    stm32f4x7_eth_bsp.o(i.ETH_GPIO_Config) refers to stm32f4xx_gpio.o(i.GPIO_PinAFConfig) for GPIO_PinAFConfig
    stm32f4x7_eth_bsp.o(i.ETH_GPIO_Config) refers to stm32f4xx_gpio.o(i.GPIO_ResetBits) for GPIO_ResetBits
    stm32f4x7_eth_bsp.o(i.ETH_GPIO_Config) refers to stm32f4xx_gpio.o(i.GPIO_SetBits) for GPIO_SetBits
    stm32f4x7_eth_bsp.o(i.ETH_MACDMA_Config) refers to stm32f4xx_rcc.o(i.RCC_AHB1PeriphClockCmd) for RCC_AHB1PeriphClockCmd
    stm32f4x7_eth_bsp.o(i.ETH_MACDMA_Config) refers to stm32f4x7_eth.o(i.ETH_DeInit) for ETH_DeInit
    stm32f4x7_eth_bsp.o(i.ETH_MACDMA_Config) refers to stm32f4x7_eth.o(i.ETH_SoftwareReset) for ETH_SoftwareReset
    stm32f4x7_eth_bsp.o(i.ETH_MACDMA_Config) refers to stm32f4x7_eth.o(i.ETH_GetSoftwareResetStatus) for ETH_GetSoftwareResetStatus
    stm32f4x7_eth_bsp.o(i.ETH_MACDMA_Config) refers to stm32f4x7_eth.o(i.ETH_StructInit) for ETH_StructInit
    stm32f4x7_eth_bsp.o(i.ETH_MACDMA_Config) refers to stm32f4x7_eth.o(i.ETH_Init) for ETH_Init
    stm32f4x7_eth_bsp.o(i.ETH_MACDMA_Config) refers to stm32f4x7_eth.o(i.ETH_DMAITConfig) for ETH_DMAITConfig
    stm32f4x7_eth_bsp.o(i.ETH_MACDMA_Config) refers to stm32f4x7_eth_bsp.o(.bss) for .bss
    stm32f4x7_eth_bsp.o(i.ETH_MACDMA_Config) refers to stm32f4x7_eth_bsp.o(.data) for .data
    stm32f4x7_eth_bsp.o(i.ETH_link_callback) refers to stm32f4x7_eth.o(i.ETH_WritePHYRegister) for ETH_WritePHYRegister
[...]
    handleMMUserDescription                  0x08005975   Thumb Code   174  management.o(i.handleMMUserDescription)
    handleMMUtcProperties                    0x08005a75   Thumb Code   130  management.o(i.handleMMUtcProperties)
    handleMMVersionNumber                    0x08005af7   Thumb Code   102  management.o(i.handleMMVersionNumber)
    handle_ptp_eth                           0x080063e9   Thumb Code   420  protocol.o(i.handle_ptp_eth)
    handleap                                 0x08006615   Thumb Code   102  serial_hand.o(i.handleap)
    icmp_dest_unreach                        0x08006691   Thumb Code     8  icmp.o(i.icmp_dest_unreach)
    icmp_input                               0x08006699   Thumb Code   242  icmp.o(i.icmp_input)
    icmp_time_exceeded                       0x080067f9   Thumb Code     8  icmp.o(i.icmp_time_exceeded)
    igmp_input                               0x08006825   Thumb Code   190  igmp.o(i.igmp_input)
    igmp_joingroup                           0x080068e9   Thumb Code   132  igmp.o(i.igmp_joingroup)
    igmp_leavegroup                          0x08006975   Thumb Code   170  igmp.o(i.igmp_leavegroup)
    igmp_lookfor_group                       0x08006a29   Thumb Code    30  igmp.o(i.igmp_lookfor_group)
    igmp_report_groups                       0x08006a89   Thumb Code    32  igmp.o(i.igmp_report_groups)
    igmp_start                               0x08006b4d   Thumb Code    44  igmp.o(i.igmp_start)
    inet_chksum                              0x08006b9b   Thumb Code    12  inet_chksum.o(i.inet_chksum)
    inet_chksum_pbuf                         0x08006ba7   Thumb Code    72  inet_chksum.o(i.inet_chksum_pbuf)
    initClock                                0x08006bef   Thumb Code    82  servo.o(i.initClock)
    initData                                 0x08006c41   Thumb Code   200  bmc.o(i.initData)
    initOutgoingMsgManagement                0x08006d09   Thumb Code   100  management.o(i.initOutgoingMsgManagement)
    initTimer                                0x08006d6d   Thumb Code     8  timer.o(i.initTimer)
    internalTime_to_integer64                0x08006d79   Thumb Code    40  arith.o(i.internalTime_to_integer64)
    ip4_addr_isbroadcast                     0x08006da5   Thumb Code    46  ip_addr.o(i.ip4_addr_isbroadcast)
    ip_frag                                  0x08006dd5   Thumb Code   352  ip_frag.o(i.ip_frag)
    ip_input                                 0x08006f41   Thumb Code   390  ip.o(i.ip_input)
    ip_output                                0x080070d1   Thumb Code    62  ip.o(i.ip_output)
    ip_output_if                             0x0800710f   Thumb Code    30  ip.o(i.ip_output_if)
    ip_output_if_opt                         0x0800712d   Thumb Code   218  ip.o(i.ip_output_if_opt)
    ip_reass                                 0x0800720d   Thumb Code   392  ip_frag.o(i.ip_reass)
    ip_route                                 0x08007581   Thumb Code    54  ip.o(i.ip_route)
    ipaddr_aton                              0x080075c1   Thumb Code   248  ip_addr.o(i.ipaddr_aton)
    lwip_htonl                               0x08008291   Thumb Code     4  def.o(i.lwip_htonl)
    lwip_htons                               0x08008295   Thumb Code     4  def.o(i.lwip_htons)
    lwip_ntohl                               0x08008299   Thumb Code     4  def.o(i.lwip_ntohl)
    lwip_ntohs                               0x0800829d   Thumb Code     4  def.o(i.lwip_ntohs)
    m1                                       0x080082f9   Thumb Code   134  bmc.o(i.m1)
    main                                     0x08008381   Thumb Code   128  main.o(i.main)
    malloc                                   0x08008425   Thumb Code    92  malloc.o(i.malloc)
    mem_free                                 0x08008491   Thumb Code    58  mem.o(i.mem_free)
    mem_init                                 0x080084d1   Thumb Code    42  mem.o(i.mem_init)
    mem_malloc                               0x08008505   Thumb Code   162  mem.o(i.mem_malloc)
    mem_trim                                 0x080085ad   Thumb Code   214  mem.o(i.mem_trim)
    memp_free                                0x08008689   Thumb Code    36  memp.o(i.memp_free)
    memp_init                                0x080086b1   Thumb Code    78  memp.o(i.memp_init)
    memp_malloc                              0x08008709   Thumb Code    38  memp.o(i.memp_malloc)
    msgDebugAnnounce                         0x08008735   Thumb Code   316  msg.o(i.msgDebugAnnounce)
    msgDebugDelayResp                        0x08008a31   Thumb Code   130  msg.o(i.msgDebugDelayResp)
    msgDebugFollowUp                         0x08008b7d   Thumb Code    54  msg.o(i.msgDebugFollowUp)
    msgDebugHeader                           0x08008c3d   Thumb Code   306  msg.o(i.msgDebugHeader)
    msgDebugManagement                       0x08008f05   Thumb Code   194  msg.o(i.msgDebugManagement)
    msgDebugSync                             0x080090b1   Thumb Code    54  msg.o(i.msgDebugSync)
    msgDump                                  0x08009159   Thumb Code   108  msg.o(i.msgDump)
    msgPackAnnounce                          0x080091f9   Thumb Code   198  msg.o(i.msgPackAnnounce)
    msgPackDelayReq                          0x080092c5   Thumb Code    88  msg.o(i.msgPackDelayReq)
    msgPackDelayResp                         0x0800931d   Thumb Code   142  msg.o(i.msgPackDelayResp)
    msgPackFollowUp                          0x080093b1   Thumb Code   100  msg.o(i.msgPackFollowUp)
    msgPackHeader                            0x08009419   Thumb Code    68  msg.o(i.msgPackHeader)
    msgPackManagement                        0x08009461   Thumb Code    10  msg.o(i.msgPackManagement)
    msgPackManagementErrorStatusTLV          0x0800946b   Thumb Code    32  msg.o(i.msgPackManagementErrorStatusTLV)
    msgPackManagementTLV                     0x0800948b   Thumb Code   356  msg.o(i.msgPackManagementTLV)
    msgPackPDelayReq                         0x080095ef   Thumb Code    94  msg.o(i.msgPackPDelayReq)
    msgPackPDelayResp                        0x0800964d   Thumb Code   124  msg.o(i.msgPackPDelayResp)
    msgPackPDelayRespFollowUp                0x080096c9   Thumb Code   118  msg.o(i.msgPackPDelayRespFollowUp)
    msgPackSync                              0x08009741   Thumb Code   108  msg.o(i.msgPackSync)
    msgUnpackAnnounce                        0x080097b1   Thumb Code    98  msg.o(i.msgUnpackAnnounce)
    msgUnpackDelayResp                       0x08009813   Thumb Code    48  msg.o(i.msgUnpackDelayResp)
    msgUnpackFollowUp                        0x08009843   Thumb Code    32  msg.o(i.msgUnpackFollowUp)
    msgUnpackHeader                          0x08009863   Thumb Code   128  msg.o(i.msgUnpackHeader)
    msgUnpackManagement                      0x080098e3   Thumb Code    46  msg.o(i.msgUnpackManagement)
    msgUnpackPDelayResp                      0x08009911   Thumb Code    48  msg.o(i.msgUnpackPDelayResp)
    msgUnpackPDelayRespFollowUp              0x08009941   Thumb Code    48  msg.o(i.msgUnpackPDelayRespFollowUp)
    msgUnpackSync                            0x08009971   Thumb Code    32  msg.o(i.msgUnpackSync)
    netEmptyEventQ                           0x08009991   Thumb Code    30  net.o(i.netEmptyEventQ)
    netInit                                  0x080099b1   Thumb Code   306  net.o(i.netInit)
    netRecvEvent                             0x08009ced   Thumb Code    20  net.o(i.netRecvEvent)
    netRecvGeneral                           0x08009d69   Thumb Code    20  net.o(i.netRecvGeneral)
    netSelect                                0x08009de5   Thumb Code    30  net.o(i.netSelect)
    netSendEvent                             0x08009f25   Thumb Code    26  net.o(i.netSendEvent)
    netSendGeneral                           0x08009f3f   Thumb Code    24  net.o(i.netSendGeneral)
    netSendPeerEvent                         0x08009f57   Thumb Code    26  net.o(i.netSendPeerEvent)
    netSendPeerGeneral                       0x08009f71   Thumb Code    24  net.o(i.netSendPeerGeneral)
    netShutdown                              0x08009f89   Thumb Code    84  net.o(i.netShutdown)
    netif_add                                0x08009fdd   Thumb Code    84  netif.o(i.netif_add)
    netif_set_addr                           0x0800a035   Thumb Code    32  netif.o(i.netif_set_addr)
    netif_set_default                        0x0800a055   Thumb Code     6  netif.o(i.netif_set_default)
    netif_set_gw                             0x0800a061   Thumb Code     8  netif.o(i.netif_set_gw)
    netif_set_ipaddr                         0x0800a069   Thumb Code    96  netif.o(i.netif_set_ipaddr)
    netif_set_netmask                        0x0800a0d1   Thumb Code     8  netif.o(i.netif_set_netmask)
    netif_set_up                             0x0800a0d9   Thumb Code    56  netif.o(i.netif_set_up)
    normalizeTime                            0x0800a111   Thumb Code    66  arith.o(i.normalizeTime)
    offset_time                              0x0800a15d   Thumb Code   124  share.o(i.offset_time)
    p1                                       0x0800a207   Thumb Code    22  bmc.o(i.p1)
    packClockIdentity                        0x0800a21d   Thumb Code    16  msg.o(i.packClockIdentity)
    packClockQuality                         0x0800a22d   Thumb Code    18  msg.o(i.packClockQuality)
    packEnumeration16                        0x0800a23f   Thumb Code    14  msg.o(i.packEnumeration16)
    packEnumeration4Lower                    0x0800a24d   Thumb Code    16  msg.o(i.packEnumeration4Lower)
    packInteger16                            0x0800a25d   Thumb Code    14  msg.o(i.packInteger16)
    packInteger32                            0x0800a26b   Thumb Code    14  msg.o(i.packInteger32)
    packMMAnnounceReceiptTimeout             0x0800a279   Thumb Code    20  msg.o(i.packMMAnnounceReceiptTimeout)
    packMMClockAccuracy                      0x0800a28d   Thumb Code    20  msg.o(i.packMMClockAccuracy)
    packMMClockDescription                   0x0800a2a1   Thumb Code   236  msg.o(i.packMMClockDescription)
    packMMCurrentDataSet                     0x0800a38d   Thumb Code    16  msg.o(i.packMMCurrentDataSet)
    packMMDefaultDataSet                     0x0800a39d   Thumb Code    82  msg.o(i.packMMDefaultDataSet)
    packMMDelayMechanism                     0x0800a3ef   Thumb Code    20  msg.o(i.packMMDelayMechanism)
    packMMDomain                             0x0800a403   Thumb Code    20  msg.o(i.packMMDomain)
    packMMErrorStatus                        0x0800a417   Thumb Code    58  msg.o(i.packMMErrorStatus)
    packMMInitialize                         0x0800a451   Thumb Code    16  msg.o(i.packMMInitialize)
    packMMLogAnnounceInterval                0x0800a461   Thumb Code    20  msg.o(i.packMMLogAnnounceInterval)
    packMMLogMinPdelayReqInterval            0x0800a475   Thumb Code    20  msg.o(i.packMMLogMinPdelayReqInterval)
    packMMLogSyncInterval                    0x0800a489   Thumb Code    20  msg.o(i.packMMLogSyncInterval)
    packMMParentDataSet                      0x0800a49d   Thumb Code    92  msg.o(i.packMMParentDataSet)
    packMMPortDataSet                        0x0800a4f9   Thumb Code    86  msg.o(i.packMMPortDataSet)
    packMMPriority1                          0x0800a54f   Thumb Code    20  msg.o(i.packMMPriority1)
    packMMPriority2                          0x0800a563   Thumb Code    20  msg.o(i.packMMPriority2)
    packMMSlaveOnly                          0x0800a577   Thumb Code    20  msg.o(i.packMMSlaveOnly)
    packMMTime                               0x0800a58b   Thumb Code    16  msg.o(i.packMMTime)
    packMMTimePropertiesDataSet              0x0800a59b   Thumb Code    32  msg.o(i.packMMTimePropertiesDataSet)
    packMMTraceabilityProperties             0x0800a5bb   Thumb Code    20  msg.o(i.packMMTraceabilityProperties)
    packMMUserDescription                    0x0800a5cf   Thumb Code    36  msg.o(i.packMMUserDescription)
    packMMUtcProperties                      0x0800a5f3   Thumb Code    32  msg.o(i.packMMUtcProperties)
    packMMVersionNumber                      0x0800a613   Thumb Code    36  msg.o(i.packMMVersionNumber)
    packManagementTLV                        0x0800a637   Thumb Code    36  msg.o(i.packManagementTLV)
    packMsgHeader                            0x0800a65b   Thumb Code    82  msg.o(i.packMsgHeader)
    packMsgManagement                        0x0800a6ad   Thumb Code    84  msg.o(i.packMsgManagement)
    packNibbleUpper                          0x0800a701   Thumb Code    18  msg.o(i.packNibbleUpper)
    packPTPText                              0x0800a713   Thumb Code    22  msg.o(i.packPTPText)
    packPhysicalAddress                      0x0800a729   Thumb Code    30  msg.o(i.packPhysicalAddress)
    packPortIdentity                         0x0800a747   Thumb Code    26  msg.o(i.packPortIdentity)
    packTimestamp                            0x0800a761   Thumb Code     8  msg.o(i.packTimestamp)
    packUInteger16                           0x0800a769   Thumb Code    14  msg.o(i.packUInteger16)
    packUInteger32                           0x0800a777   Thumb Code    14  msg.o(i.packUInteger32)
    packUInteger4Lower                       0x0800a785   Thumb Code    16  msg.o(i.packUInteger4Lower)
    pbuf_alloc                               0x0800a795   Thumb Code   280  pbuf.o(i.pbuf_alloc)
    pbuf_alloced_custom                      0x0800a8ad   Thumb Code    84  pbuf.o(i.pbuf_alloced_custom)
    pbuf_cat                                 0x0800a901   Thumb Code    40  pbuf.o(i.pbuf_cat)
    pbuf_chain                               0x0800a929   Thumb Code    18  pbuf.o(i.pbuf_chain)
    pbuf_clen                                0x0800a93b   Thumb Code    18  pbuf.o(i.pbuf_clen)
    pbuf_copy                                0x0800a94d   Thumb Code   154  pbuf.o(i.pbuf_copy)
    pbuf_copy_partial                        0x0800a9e7   Thumb Code   104  pbuf.o(i.pbuf_copy_partial)
    pbuf_free                                0x0800aa4f   Thumb Code    96  pbuf.o(i.pbuf_free)
    pbuf_header                              0x0800aaaf   Thumb Code    96  pbuf.o(i.pbuf_header)
    pbuf_realloc                             0x0800ab0f   Thumb Code    78  pbuf.o(i.pbuf_realloc)
    pbuf_ref                                 0x0800ab5d   Thumb Code    26  pbuf.o(i.pbuf_ref)
    pbuf_take                                0x0800ab77   Thumb Code    78  pbuf.o(i.pbuf_take)
    portState_getName                        0x0800ac19   Thumb Code    52  display.o(i.portState_getName)
    ptpdStartup                              0x0800b065   Thumb Code   140  startup.o(i.ptpdStartup)
    ptpd_Periodic_Handle                     0x0800b141   Thumb Code   120  ptpd.o(i.ptpd_Periodic_Handle)
    raw_input                                0x0800b21d   Thumb Code   104  raw.o(i.raw_input)
    respectUtcOffset                         0x0800b291   Thumb Code    18  protocol.o(i.respectUtcOffset)
    s1                                       0x0800b2a5   Thumb Code   516  bmc.o(i.s1)
    scaledNanosecondsToInternalTime          0x0800b581   Thumb Code    56  arith.o(i.scaledNanosecondsToInternalTime)
    secondsToMidnight                        0x0800b5bd   Thumb Code    90  arith.o(i.secondsToMidnight)
    setTime                                  0x0800b625   Thumb Code    18  stmptp_sys_time.o(i.setTime)
    subTime                                  0x0800b637   Thumb Code    24  arith.o(i.subTime)
    sys_arch_protect                         0x0800b651   Thumb Code    10  ethernetif.o(i.sys_arch_protect)
    sys_arch_unprotect                       0x0800b661   Thumb Code     6  ethernetif.o(i.sys_arch_unprotect)
    tcp_abandon                              0x0800b66d   Thumb Code   136  tcp.o(i.tcp_abandon)
    tcp_abort                                0x0800b6f9   Thumb Code     6  tcp.o(i.tcp_abort)
    tcp_alloc                                0x0800b701   Thumb Code   234  tcp.o(i.tcp_alloc)
    tcp_close                                0x0800b7f9   Thumb Code    20  tcp.o(i.tcp_close)
    tcp_eff_send_mss                         0x0800b9cf   Thumb Code    32  tcp.o(i.tcp_eff_send_mss)
    tcp_enqueue_flags                        0x0800b9ef   Thumb Code   166  tcp_out.o(i.tcp_enqueue_flags)
    tcp_fasttmr                              0x0800ba95   Thumb Code    90  tcp.o(i.tcp_fasttmr)
    tcp_input                                0x0800baf5   Thumb Code   758  tcp_in.o(i.tcp_input)
    tcp_keepalive                            0x0800be09   Thumb Code    60  tcp_out.o(i.tcp_keepalive)
    tcp_next_iss                             0x0800bf29   Thumb Code    12  tcp.o(i.tcp_next_iss)
    tcp_output                               0x0800bf39   Thumb Code   392  tcp_out.o(i.tcp_output)
    tcp_pcb_purge                            0x0800c261   Thumb Code    58  tcp.o(i.tcp_pcb_purge)
    tcp_pcb_remove                           0x0800c29d   Thumb Code    82  tcp.o(i.tcp_pcb_remove)
    tcp_process_refused_data                 0x0800c629   Thumb Code   102  tcp.o(i.tcp_process_refused_data)
    tcp_recv_null                            0x0800caa3   Thumb Code    36  tcp.o(i.tcp_recv_null)
    tcp_recved                               0x0800cac7   Thumb Code    56  tcp.o(i.tcp_recved)
    tcp_rexmit                               0x0800caff   Thumb Code    82  tcp_out.o(i.tcp_rexmit)
    tcp_rexmit_fast                          0x0800cb51   Thumb Code    88  tcp_out.o(i.tcp_rexmit_fast)
    tcp_rexmit_rto                           0x0800cba9   Thumb Code    46  tcp_out.o(i.tcp_rexmit_rto)
    tcp_rst                                  0x0800cbd7   Thumb Code   118  tcp_out.o(i.tcp_rst)
    tcp_seg_free                             0x0800cc4d   Thumb Code    28  tcp.o(i.tcp_seg_free)
    tcp_segs_free                            0x0800cc69   Thumb Code    18  tcp.o(i.tcp_segs_free)
    tcp_send_empty_ack                       0x0800cc7b   Thumb Code    72  tcp_out.o(i.tcp_send_empty_ack)
    tcp_send_fin                             0x0800ccc3   Thumb Code    68  tcp_out.o(i.tcp_send_fin)
    tcp_slowtmr                              0x0800cd09   Thumb Code   588  tcp.o(i.tcp_slowtmr)
    tcp_timer_needed                         0x0800cf65   Thumb Code     2  timers.o(i.tcp_timer_needed)
    tcp_tmr                                  0x0800cfd5   Thumb Code    28  tcp.o(i.tcp_tmr)
    tcp_update_rcv_ann_wnd                   0x0800cff5   Thumb Code    52  tcp.o(i.tcp_update_rcv_ann_wnd)
    tcp_zero_window_probe                    0x0800d029   Thumb Code   138  tcp_out.o(i.tcp_zero_window_probe)
    timeInternal_display                     0x0800d0b3   Thumb Code     2  display.o(i.timeInternal_display)
    timerExpired                             0x0800d0b5   Thumb Code    40  timer.o(i.timerExpired)
    timerStart                               0x0800d0dd   Thumb Code    26  timer.o(i.timerStart)
    timerStop                                0x0800d0f7   Thumb Code    16  timer.o(i.timerStop)
    timerUpdate                              0x0800d109   Thumb Code    58  timer.o(i.timerUpdate)
    timestamp_display                        0x0800d149   Thumb Code     2  display.o(i.timestamp_display)
    toInternalTime                           0x0800d14b   Thumb Code    18  arith.o(i.toInternalTime)
    toState                                  0x0800d15d   Thumb Code   700  protocol.o(i.toState)
    udp_bind                                 0x0800d441   Thumb Code   148  udp.o(i.udp_bind)
    udp_disconnect                           0x0800d4d9   Thumb Code    16  udp.o(i.udp_disconnect)
    udp_input                                0x0800d4e9   Thumb Code   326  udp.o(i.udp_input)
    udp_new                                  0x0800d63d   Thumb Code    26  udp.o(i.udp_new)
    udp_recv                                 0x0800d657   Thumb Code     6  udp.o(i.udp_recv)
    udp_remove                               0x0800d65d   Thumb Code    40  udp.o(i.udp_remove)
    udp_sendto                               0x0800d689   Thumb Code    58  udp.o(i.udp_sendto)
    udp_sendto_if                            0x0800d6c3   Thumb Code   208  udp.o(i.udp_sendto_if)
    unpackClockIdentity                      0x0800d793   Thumb Code    16  msg.o(i.unpackClockIdentity)
    unpackClockQuality                       0x0800d7a3   Thumb Code    18  msg.o(i.unpackClockQuality)
    unpackMMAnnounceReceiptTimeout           0x0800d7b5   Thumb Code    18  msg.o(i.unpackMMAnnounceReceiptTimeout)
    unpackMMClockAccuracy                    0x0800d7c7   Thumb Code    18  msg.o(i.unpackMMClockAccuracy)
    unpackMMClockDescription                 0x0800d7d9   Thumb Code   234  msg.o(i.unpackMMClockDescription)
    unpackMMCurrentDataSet                   0x0800d8c3   Thumb Code    10  msg.o(i.unpackMMCurrentDataSet)
    unpackMMDefaultDataSet                   0x0800d8cd   Thumb Code    84  msg.o(i.unpackMMDefaultDataSet)
    unpackMMDelayMechanism                   0x0800d921   Thumb Code    18  msg.o(i.unpackMMDelayMechanism)
    unpackMMDomain                           0x0800d933   Thumb Code    18  msg.o(i.unpackMMDomain)
    unpackMMErrorStatus                      0x0800d945   Thumb Code    46  msg.o(i.unpackMMErrorStatus)
    unpackMMInitialize                       0x0800d973   Thumb Code    10  msg.o(i.unpackMMInitialize)
    unpackMMLogAnnounceInterval              0x0800d97d   Thumb Code    18  msg.o(i.unpackMMLogAnnounceInterval)
    unpackMMLogMinPdelayReqInterval          0x0800d98f   Thumb Code    18  msg.o(i.unpackMMLogMinPdelayReqInterval)
    unpackMMLogSyncInterval                  0x0800d9a1   Thumb Code    18  msg.o(i.unpackMMLogSyncInterval)
    unpackMMParentDataSet                    0x0800d9b3   Thumb Code    96  msg.o(i.unpackMMParentDataSet)
    unpackMMPortDataSet                      0x0800da13   Thumb Code    78  msg.o(i.unpackMMPortDataSet)
    unpackMMPriority1                        0x0800da61   Thumb Code    18  msg.o(i.unpackMMPriority1)
    unpackMMPriority2                        0x0800da73   Thumb Code    18  msg.o(i.unpackMMPriority2)
    unpackMMSlaveOnly                        0x0800da85   Thumb Code    18  msg.o(i.unpackMMSlaveOnly)
    unpackMMTime                             0x0800da97   Thumb Code    10  msg.o(i.unpackMMTime)
    unpackMMTimePropertiesDataSet            0x0800daa1   Thumb Code    32  msg.o(i.unpackMMTimePropertiesDataSet)
    unpackMMTraceabilityProperties           0x0800dac1   Thumb Code    18  msg.o(i.unpackMMTraceabilityProperties)
    unpackMMUserDescription                  0x0800dad3   Thumb Code    16  msg.o(i.unpackMMUserDescription)
    unpackMMUtcProperties                    0x0800dae3   Thumb Code    32  msg.o(i.unpackMMUtcProperties)
    unpackMMVersionNumber                    0x0800db03   Thumb Code    30  msg.o(i.unpackMMVersionNumber)
    unpackManagementTLV                      0x0800db21   Thumb Code    42  msg.o(i.unpackManagementTLV)
    unpackMsgHeader                          0x0800db4b   Thumb Code    90  msg.o(i.unpackMsgHeader)
    unpackMsgManagement                      0x0800dba5   Thumb Code    74  msg.o(i.unpackMsgManagement)
    unpackPTPText                            0x0800dbef   Thumb Code    22  msg.o(i.unpackPTPText)
    unpackPhysicalAddress                    0x0800dc05   Thumb Code    32  msg.o(i.unpackPhysicalAddress)
    unpackPortIdentity                       0x0800dc25   Thumb Code    26  msg.o(i.unpackPortIdentity)
    unpackTimestamp                          0x0800dc3f   Thumb Code    16  msg.o(i.unpackTimestamp)
    updateClock                              0x0800dc51   Thumb Code   216  servo.o(i.updateClock)
    updateDelay                              0x0800dd2d   Thumb Code   114  servo.o(i.updateDelay)
    updateOffset                             0x0800dde1   Thumb Code   108  servo.o(i.updateOffset)
    updatePeerDelay                          0x0800de51   Thumb Code   122  servo.o(i.updatePeerDelay)
    tcp_persist_backoff                      0x0800df0c   Data           7  tcp.o(.constdata)
    tcp_state_str                            0x0800df14   Data          44  tcp.o(.constdata)
    tcp_backoff                              0x0800df40   Data          13  tcp.o(.constdata)
    tcp_pcb_lists                            0x0800df50   Data          16  tcp.o(.constdata)
    ip_addr_any                              0x0800df60   Data           4  ip_addr.o(.constdata)
    ethbroadcast                             0x0800df64   Data           6  etharp.o(.constdata)
    ethzero                                  0x0800df6a   Data           6  etharp.o(.constdata)
    Region$$Table$$Base                      0x0800e330   Number         0  anon$$obj.o(Region$$Table)
    Region$$Table$$Limit                     0x0800e350   Number         0  anon$$obj.o(Region$$Table)
    EthLinkStatus                            0x20000000   Data           1  stm32f4x7_eth_bsp.o(.data)
    EthStatus                                0x20000004   Data           4  stm32f4x7_eth_bsp.o(.data)
    MAC_ADDR0                                0x20000008   Data           1  ethernetif.o(.data)
    MAC_ADDR1                                0x20000009   Data           1  ethernetif.o(.data)
    MAC_ADDR2                                0x2000000a   Data           1  ethernetif.o(.data)
    MAC_ADDR3                                0x2000000b   Data           1  ethernetif.o(.data)
    MAC_ADDR4                                0x2000000c   Data           1  ethernetif.o(.data)
    MAC_ADDR5                                0x2000000d   Data           1  ethernetif.o(.data)
    rec_SYNIndex                             0x2000000e   Data           1  serial_hand.o(.data)
    rec_SYNdata_flag                         0x2000000f   Data           1  serial_hand.o(.data)
    leap61                                   0x20000011   Data           1  serial_hand.o(.data)
    leap59                                   0x20000012   Data           1  serial_hand.o(.data)
    leapNum                                  0x20000013   Data           1  serial_hand.o(.data)
    LocalTime                                0x20000018   Data           4  main.o(.data)
    timingdelay                              0x2000001c   Data           4  main.o(.data)
    __stdout                                 0x20000020   Data           4  main.o(.data)
    TCPTimer                                 0x20000024   Data           4  netconf.o(.data)
    ARPTimer                                 0x20000028   Data           4  netconf.o(.data)
    synflags                                 0x2000002f   Data           1  share.o(.data)
    ntpsendf                                 0x20000030   Data           1  ntp.o(.data)
    DMATxDescToSet                           0x20000034   Data           4  stm32f4x7_eth.o(.data)
    DMARxDescToGet                           0x20000038   Data           4  stm32f4x7_eth.o(.data)
    DMAPTPTxDescToSet                        0x2000003c   Data           4  stm32f4x7_eth.o(.data)
    DMAPTPRxDescToGet                        0x20000040   Data           4  stm32f4x7_eth.o(.data)
    DMA_RX_FRAME_infos                       0x20000044   Data           4  stm32f4x7_eth.o(.data)
    id                                       0x2000005c   Data          32  protocol.o(.data)
    elapsed                                  0x2000007c   Data           4  timer.o(.data)
    netif_list                               0x20000094   Data           4  netif.o(.data)
    netif_default                            0x20000098   Data           4  netif.o(.data)
    tcp_active_pcbs_changed                  0x200000a0   Data           1  tcp.o(.data)
    tcp_ticks                                0x200000ac   Data           4  tcp.o(.data)
    tcp_bound_pcbs                           0x200000b0   Data           4  tcp.o(.data)
    tcp_listen_pcbs                          0x200000b4   Data           4  tcp.o(.data)
    tcp_active_pcbs                          0x200000b8   Data           4  tcp.o(.data)
    tcp_tw_pcbs                              0x200000bc   Data           4  tcp.o(.data)
    tcp_tmp_pcb                              0x200000c0   Data           4  tcp.o(.data)
    tcp_input_pcb                            0x200000dc   Data           4  tcp_in.o(.data)
    udp_pcbs                                 0x200000e4   Data           4  udp.o(.data)
    current_netif                            0x200000f8   Data           4  ip.o(.data)
    current_header                           0x200000fc   Data           4  ip.o(.data)
    current_iphdr_src                        0x20000100   Data           4  ip.o(.data)
    current_iphdr_dest                       0x20000104   Data           4  ip.o(.data)
    __microlib_freelist                      0x20000118   Data           4  mvars.o(.data)
    __microlib_freelist_initialised          0x2000011c   Data           4  mvars.o(.data)
    ETH_InitStructure                        0x20000120   Data         188  stm32f4x7_eth_bsp.o(.bss)
    Syncbuf                                  0x200001dc   Data          35  serial_hand.o(.bss)
    Rxbuffer                                 0x200001ff   Data          50  serial_hand.o(.bss)
    Gx_PTPFIG                                0x20000234   Data          40  usart6_cofig.o(.bss)
    sTime                                    0x2000025c   Data          32  main.o(.bss)
    Mservo                                   0x2000027c   Data          10  main.o(.bss)
    MofM_filt                                0x20000288   Data          16  main.o(.bss)
    GlobalConfig                             0x20000298   Data          40  main.o(.bss)
    mcuID                                    0x200002c0   Data          12  main.o(.bss)
    gnetif                                   0x200002cc   Data          56  netconf.o(.bss)
    DMARxDscrTab                             0x20000304   Data         160  stm32f4x7_eth.o(.bss)
    DMATxDscrTab                             0x200003a4   Data          32  stm32f4x7_eth.o(.bss)
    Rx_Buff                                  0x200003c4   Data        7620  stm32f4x7_eth.o(.bss)
    Tx_Buff                                  0x20002188   Data        1524  stm32f4x7_eth.o(.bss)
    RX_Frame_Descriptor                      0x2000277c   Data          12  stm32f4x7_eth.o(.bss)
    rtOpts                                   0x20002b70   Data         144  ptpd.o(.bss)
    G_ptpClock                               0x20002c00   Data        1744  ptpd.o(.bss)
    ram_heap                                 0x200033dc   Data       20500  mem.o(.bss)
    __heap_base                              0x2000f3a0   Data           0  startup_stm32f427x.o(HEAP)
    __heap_limit                             0x2000f7a0   Data           0  startup_stm32f427x.o(HEAP)
    __initial_sp                             0x2000ffa0   Data           0  startup_stm32f427x.o(STACK)



==============================================================================

Memory Map of the image

  Image Entry point : 0x080001ad

  Load Region LR_IROM1 (Base: 0x08000000, Size: 0x0000e470, Max: 0x00200000, ABSOLUTE)

    Execution Region ER_IROM1 (Base: 0x08000000, Size: 0x0000e350, Max: 0x00200000, ABSOLUTE)

    Base Addr    Size         Type   Attr      Idx    E Section Name        Object

    0x08000000   0x000001ac   Data   RO            3    RESET               startup_stm32f427x.o
    0x080001ac   0x00000000   Code   RO         7394  * .ARM.Collect$$$$00000000  mc_w.l(entry.o)
    0x080001ac   0x00000004   Code   RO         7717    .ARM.Collect$$$$00000001  mc_w.l(entry2.o)
    0x080001b0   0x00000004   Code   RO         7720    .ARM.Collect$$$$00000004  mc_w.l(entry5.o)
    0x080001b4   0x00000000   Code   RO         7722    .ARM.Collect$$$$00000008  mc_w.l(entry7b.o)
    0x080001b4   0x00000000   Code   RO         7724    .ARM.Collect$$$$0000000A  mc_w.l(entry8b.o)
    0x080001b4   0x00000008   Code   RO         7725    .ARM.Collect$$$$0000000B  mc_w.l(entry9a.o)
    0x080001bc   0x00000000   Code   RO         7727    .ARM.Collect$$$$0000000D  mc_w.l(entry10a.o)
    0x080001bc   0x00000000   Code   RO         7729    .ARM.Collect$$$$0000000F  mc_w.l(entry11a.o)
    0x080001bc   0x00000004   Code   RO         7718    .ARM.Collect$$$$00002712  mc_w.l(entry2.o)
    0x080001c0   0x00000024   Code   RO            4    .text               startup_stm32f427x.o
    0x080001e4   0x00000062   Code   RO         7397    .text               mc_w.l(uldiv.o)
    0x08000246   0x00000062   Code   RO         7399    .text               mc_w.l(ldiv.o)
    0x080002a8   0x00000024   Code   RO         7401    .text               mc_w.l(rand.o)
    0x080002cc   0x00000024   Code   RO         7404    .text               mc_w.l(memcpya.o)
    0x080002f0   0x00000024   Code   RO         7406    .text               mc_w.l(memseta.o)
    0x08000314   0x0000000e   Code   RO         7408    .text               mc_w.l(strlen.o)
    0x08000322   0x0000001a   Code   RO         7410    .text               mc_w.l(memcmp.o)
    0x0800033c   0x0000001e   Code   RO         7412    .text               mc_w.l(strncmp.o)
    0x0800035a   0x0000001c   Code   RO         7705    .text               mc_w.l(calloc.o)
    0x08000376   0x0000014e   Code   RO         7707    .text               mf_w.l(dadd.o)
    0x080004c4   0x000000de   Code   RO         7709    .text               mf_w.l(ddiv.o)
    0x080005a2   0x00000022   Code   RO         7711    .text               mf_w.l(dflti.o)
    0x080005c4   0x00000026   Code   RO         7713    .text               mf_w.l(f2d.o)
    0x080005ea   0x00000038   Code   RO         7715    .text               mf_w.l(d2f.o)
    0x08000622   0x0000001e   Code   RO         7733    .text               mc_w.l(llshl.o)
    0x08000640   0x00000020   Code   RO         7735    .text               mc_w.l(llushr.o)
    0x08000660   0x00000024   Code   RO         7737    .text               mc_w.l(llsshr.o)
    0x08000684   0x00000000   Code   RO         7741    .text               mc_w.l(iusefp.o)
    0x08000684   0x0000006e   Code   RO         7742    .text               mf_w.l(fepilogue.o)
    0x080006f2   0x000000ba   Code   RO         7744    .text               mf_w.l(depilogue.o)
    0x080007ac   0x00000024   Code   RO         7752    .text               mc_w.l(init.o)
    0x080007d0   0x00000002   Code   RO          150    i.BusFault_Handler  stm32f4xx_it.o
    0x080007d2   0x00000002   Code   RO          151    i.DebugMon_Handler  stm32f4xx_it.o
    0x080007d4   0x00000014   Code   RO          801    i.Delay             main.o
    0x080007e8   0x0000000c   Code   RO         1040    i.ETH_DMAClearITPendingBit  stm32f4x7_eth.o
    0x080007f4   0x00000018   Code   RO         1041    i.ETH_DMAITConfig   stm32f4x7_eth.o
    0x0800080c   0x0000001c   Code   RO         1044    i.ETH_DMAReceptionCmd  stm32f4x7_eth.o
    0x08000828   0x00000058   Code   RO         1045    i.ETH_DMARxDescChainInit  stm32f4x7_eth.o
    0x08000880   0x00000012   Code   RO         1046    i.ETH_DMARxDescReceiveITConfig  stm32f4x7_eth.o
    0x08000892   0x00000002   PAD
    0x08000894   0x0000001c   Code   RO         1047    i.ETH_DMATransmissionCmd  stm32f4x7_eth.o
    0x080008b0   0x00000048   Code   RO         1050    i.ETH_DMATxDescChainInit  stm32f4x7_eth.o
    0x080008f8   0x00000008   Code   RO         1051    i.ETH_DMATxDescChecksumInsertionConfig  stm32f4x7_eth.o
    0x08000900   0x00000018   Code   RO         1056    i.ETH_DeInit        stm32f4x7_eth.o
    0x08000918   0x00000010   Code   RO         1057    i.ETH_EnablePTPTimeStampAddend  stm32f4x7_eth.o
    0x08000928   0x00000010   Code   RO         1059    i.ETH_EnablePTPTimeStampUpdate  stm32f4x7_eth.o
    0x08000938   0x00000030   Code   RO         1060    i.ETH_EnhancedDescriptorCmd  stm32f4x7_eth.o
    0x08000968   0x00000020   Code   RO         1061    i.ETH_FlushTransmitFIFO  stm32f4x7_eth.o
    0x08000988   0x0000013c   Code   RO          446    i.ETH_GPIO_Config   stm32f4x7_eth_bsp.o
    0x08000ac4   0x00000014   Code   RO         1067    i.ETH_GetDMAFlagStatus  stm32f4x7_eth.o
    0x08000ad8   0x00000008   Code   RO         1073    i.ETH_GetDMARxDescFrameLength  stm32f4x7_eth.o
    0x08000ae0   0x00000024   Code   RO         1078    i.ETH_GetMACAddress  stm32f4x7_eth.o
    0x08000b04   0x00000014   Code   RO         1084    i.ETH_GetPTPFlagStatus  stm32f4x7_eth.o
    0x08000b18   0x0000000c   Code   RO         1085    i.ETH_GetPTPRegister  stm32f4x7_eth.o
    0x08000b24   0x00000030   Code   RO         1088    i.ETH_GetRxPktSize  stm32f4x7_eth.o
    0x08000b54   0x00000014   Code   RO         1089    i.ETH_GetSoftwareResetStatus  stm32f4x7_eth.o
    0x08000b68   0x0000008c   Code   RO         1092    i.ETH_Get_Received_Frame_interrupt  stm32f4x7_eth.o
    0x08000bf4   0x0000002e   Code   RO          152    i.ETH_IRQHandler    stm32f4xx_it.o
    0x08000c22   0x00000002   PAD
    0x08000c24   0x0000029c   Code   RO         1094    i.ETH_Init          stm32f4x7_eth.o
    0x08000ec0   0x00000018   Code   RO         1095    i.ETH_InitializePTPTimeStamp  stm32f4x7_eth.o
    0x08000ed8   0x0000001c   Code   RO         1097    i.ETH_MACAddressConfig  stm32f4x7_eth.o
    0x08000ef4   0x00000094   Code   RO          447    i.ETH_MACDMA_Config  stm32f4x7_eth_bsp.o
    0x08000f88   0x00000018   Code   RO         1101    i.ETH_MACITConfig   stm32f4x7_eth.o
    0x08000fa0   0x00000030   Code   RO         1102    i.ETH_MACReceptionCmd  stm32f4x7_eth.o
    0x08000fd0   0x00000030   Code   RO         1103    i.ETH_MACTransmissionCmd  stm32f4x7_eth.o
    0x08001000   0x00000046   Code   RO         1113    i.ETH_PHYOUTPUT50M  stm32f4x7_eth.o
    0x08001046   0x00000002   PAD
    0x08001048   0x00000014   Code   RO         1114    i.ETH_PTPNanoSecond2SubSecond  stm32f4x7_eth.o
    0x0800105c   0x00000014   Code   RO         1115    i.ETH_PTPSubSecond2NanoSecond  stm32f4x7_eth.o
    0x08001070   0x0000001c   Code   RO         1116    i.ETH_PTPTimeStampCmd  stm32f4x7_eth.o
    0x0800108c   0x00000054   Code   RO          553    i.ETH_PTPTime_AdjFreq  ethernetif.o
    0x080010e0   0x00000038   Code   RO         1117    i.ETH_PTPTime_GetTime  stm32f4x7_eth.o
    0x08001118   0x0000003a   Code   RO          554    i.ETH_PTPTime_SetTime  ethernetif.o
    0x08001152   0x00000068   Code   RO          555    i.ETH_PTPTime_UpdateOffset  ethernetif.o
    0x080011ba   0x00000002   PAD
    0x080011bc   0x0000001c   Code   RO         1118    i.ETH_PTPUpdateMethodConfig  stm32f4x7_eth.o
    0x080011d8   0x000000cc   Code   RO         1121    i.ETH_Prepare_Transmit_Descriptors_TimeStamp  stm32f4x7_eth.o
    0x080012a4   0x00000054   Code   RO         1122    i.ETH_ReadPHYRegister  stm32f4x7_eth.o
    0x080012f8   0x0000000c   Code   RO         1128    i.ETH_SetPTPSubSecondIncrement  stm32f4x7_eth.o
    0x08001304   0x0000000c   Code   RO         1130    i.ETH_SetPTPTimeStampAddend  stm32f4x7_eth.o
    0x08001310   0x00000010   Code   RO         1131    i.ETH_SetPTPTimeStampUpdate  stm32f4x7_eth.o
    0x08001320   0x00000010   Code   RO         1134    i.ETH_SoftwareReset  stm32f4x7_eth.o
    0x08001330   0x00000022   Code   RO         1135    i.ETH_Start         stm32f4x7_eth.o
    0x08001352   0x00000088   Code   RO         1137    i.ETH_StructInit    stm32f4x7_eth.o
    0x080013da   0x00000002   PAD
    0x080013dc   0x00000054   Code   RO         1139    i.ETH_WritePHYRegister  stm32f4x7_eth.o
    0x08001430   0x00000002   Code   RO          153    i.EXTI15_10_IRQHandler  stm32f4xx_it.o
    0x08001432   0x00000002   PAD
    0x08001434   0x00000044   Code   RO          154    i.EXTI1_IRQHandler  stm32f4xx_it.o
    0x08001478   0x0000000c   Code   RO         1881    i.EXTI_ClearITPendingBit  stm32f4xx_exti.o
    0x08001484   0x00000036   Code   RO          449    i.EXTI_Configuration  stm32f4x7_eth_bsp.o
    0x080014ba   0x00000002   PAD
    0x080014bc   0x00000020   Code   RO         1885    i.EXTI_GetITStatus  stm32f4xx_exti.o
    0x080014dc   0x00000070   Code   RO         1886    i.EXTI_Init         stm32f4xx_exti.o
    0x0800154c   0x0000000c   Code   RO         1942    i.FLASH_ClearFlag   stm32f4xx_flash.o
    0x08001558   0x0000001c   Code   RO         1943    i.FLASH_DataCacheCmd  stm32f4xx_flash.o
    0x08001574   0x0000006c   Code   RO         1946    i.FLASH_EraseSector  stm32f4xx_flash.o
    0x080015e0   0x00000034   Code   RO         1948    i.FLASH_GetStatus   stm32f4xx_flash.o
    0x08001614   0x00000010   Code   RO          710    i.FLASH_Init        flash_hand.o
    0x08001624   0x00000010   Code   RO         1952    i.FLASH_Lock        stm32f4xx_flash.o
    0x08001634   0x0000003c   Code   RO         1970    i.FLASH_ProgramWord  stm32f4xx_flash.o
    0x08001670   0x00000014   Code   RO          711    i.FLASH_Read        flash_hand.o
    0x08001684   0x00000024   Code   RO         1972    i.FLASH_Unlock      stm32f4xx_flash.o
    0x080016a8   0x0000001e   Code   RO         1973    i.FLASH_WaitForLastOperation  stm32f4xx_flash.o
    0x080016c6   0x00000002   PAD
    0x080016c8   0x00000078   Code   RO          712    i.FLASH_Write       flash_hand.o
    0x08001740   0x00000078   Code   RO          453    i.GPIO_Configuration  stm32f4x7_eth_bsp.o
    0x080017b8   0x000000a2   Code   RO         2149    i.GPIO_Init         stm32f4xx_gpio.o
    0x0800185a   0x00000020   Code   RO         2150    i.GPIO_PinAFConfig  stm32f4xx_gpio.o
    0x0800187a   0x00000004   Code   RO         2156    i.GPIO_ResetBits    stm32f4xx_gpio.o
    0x0800187e   0x00000004   Code   RO         2157    i.GPIO_SetBits      stm32f4xx_gpio.o
    0x08001882   0x00000002   PAD
    0x08001884   0x0000013c   Code   RO          713    i.GetSector         flash_hand.o
    0x080019c0   0x0000015c   Code   RO          758    i.Gx_HandlePTPFIG   usart6_cofig.o
    0x08001b1c   0x00000088   Code   RO          647    i.Hand_serialSync   serial_hand.o
    0x08001ba4   0x00000002   Code   RO          155    i.HardFault_Handler  stm32f4xx_it.o
    0x08001ba6   0x00000002   PAD
    0x08001ba8   0x000000f8   Code   RO          886    i.LwIP_Init         netconf.o
    0x08001ca0   0x00000038   Code   RO          887    i.LwIP_Periodic_Handle  netconf.o
    0x08001cd8   0x0000000c   Code   RO          888    i.LwIP_Pkt_Handle   netconf.o
    0x08001ce4   0x00000002   Code   RO          156    i.MemManage_Handler  stm32f4xx_it.o
    0x08001ce6   0x00000086   Code   RO          934    i.Mfilter           share.o
    0x08001d6c   0x0000001c   Code   RO         3801    i.My_timerStart     timer.o
    0x08001d88   0x00000002   Code   RO          157    i.NMI_Handler       stm32f4xx_it.o
    0x08001d8a   0x0000007e   Code   RO          454    i.NVIC_Configuration  stm32f4x7_eth_bsp.o
    0x08001e08   0x00000016   Code   RO          759    i.NVIC_DisableIRQ   usart6_cofig.o
    0x08001e1e   0x00000002   PAD
    0x08001e20   0x00000064   Code   RO         1673    i.NVIC_Init         misc.o
    0x08001e84   0x00000014   Code   RO         1674    i.NVIC_PriorityGroupConfig  misc.o
    0x08001e98   0x00000020   Code   RO          455    i.NVIC_SetPriority  stm32f4x7_eth_bsp.o
    0x08001eb8   0x00000014   Code   RO         1675    i.NVIC_SetVectorTable  misc.o
    0x08001ecc   0x00000150   Code   RO         3511    i.PTPd_Init         ptpd.o
    0x0800201c   0x00000018   Code   RO         2246    i.RCC_AHB1PeriphClockCmd  stm32f4xx_rcc.o
    0x08002034   0x00000018   Code   RO         2248    i.RCC_AHB1PeriphResetCmd  stm32f4xx_rcc.o
    0x0800204c   0x00000018   Code   RO         2255    i.RCC_APB1PeriphClockCmd  stm32f4xx_rcc.o
    0x08002064   0x00000018   Code   RO         2257    i.RCC_APB1PeriphResetCmd  stm32f4xx_rcc.o
    0x0800207c   0x00000018   Code   RO         2258    i.RCC_APB2PeriphClockCmd  stm32f4xx_rcc.o
    0x08002094   0x00000018   Code   RO         2260    i.RCC_APB2PeriphResetCmd  stm32f4xx_rcc.o
    0x080020ac   0x00000078   Code   RO          456    i.RCC_Configuration  stm32f4x7_eth_bsp.o
    0x08002124   0x00000094   Code   RO         2267    i.RCC_GetClocksFreq  stm32f4xx_rcc.o
    0x080021b8   0x00000014   Code   RO         2278    i.RCC_MCO1Config    stm32f4xx_rcc.o
    0x080021cc   0x000003f0   Code   RO          802    i.Read_ConfigData   main.o
    0x080025bc   0x0000000c   Code   RO          803    i.STM_LEDoff        main.o
    0x080025c8   0x0000000c   Code   RO          804    i.STM_LEDon         main.o
    0x080025d4   0x0000000c   Code   RO         2728    i.SYSCFG_ETH_MediaInterfaceConfig  stm32f4xx_syscfg.o
    0x080025e0   0x00000030   Code   RO         2729    i.SYSCFG_EXTILineConfig  stm32f4xx_syscfg.o
    0x08002610   0x00000100   Code   RO         4664    i.Send_PTPTime      servo.o
    0x08002710   0x000000be   Code   RO          935    i.Serial_Htime      share.o
    0x080027ce   0x00000002   PAD
    0x080027d0   0x000000d0   Code   RO           12    i.SetSysClock       system_stm32f4xx.o
    0x080028a0   0x00000020   Code   RO          556    i.Set_MAC_Address   ethernetif.o
    0x080028c0   0x00000018   Code   RO         1677    i.SysTick_CLKSourceConfig  misc.o
    0x080028d8   0x00000004   Code   RO          158    i.SysTick_Handler   stm32f4xx_it.o
    0x080028dc   0x0000005c   Code   RO           14    i.SystemInit        system_stm32f4xx.o
    0x08002938   0x000000a8   Code   RO          936    i.TimeToSeconds     share.o
    0x080029e0   0x00000010   Code   RO          805    i.Time_Update       main.o
    0x080029f0   0x000000ac   Code   RO          457    i.UART1_Configuration  stm32f4x7_eth_bsp.o
    0x08002a9c   0x000000a8   Code   RO          458    i.UART6_Configuration  stm32f4x7_eth_bsp.o
    0x08002b44   0x0000002c   Code   RO          937    i.UARTSend          share.o
    0x08002b70   0x000000d8   Code   RO          648    i.USART1_IRQHandler  serial_hand.o
    0x08002c48   0x00000078   Code   RO          760    i.USART6_IRQHandler  usart6_cofig.o
    0x08002cc0   0x0000000c   Code   RO         3324    i.USART_ClearITPendingBit  stm32f4xx_usart.o
    0x08002ccc   0x00000014   Code   RO         3327    i.USART_Cmd         stm32f4xx_usart.o
    0x08002ce0   0x000000ac   Code   RO         3329    i.USART_DeInit      stm32f4xx_usart.o
    0x08002d8c   0x0000000e   Code   RO         3330    i.USART_GetFlagStatus  stm32f4xx_usart.o
    0x08002d9a   0x0000003e   Code   RO         3331    i.USART_GetITStatus  stm32f4xx_usart.o
    0x08002dd8   0x00000030   Code   RO         3333    i.USART_ITConfig    stm32f4xx_usart.o
    0x08002e08   0x000000ac   Code   RO         3334    i.USART_Init        stm32f4xx_usart.o
    0x08002eb4   0x00000008   Code   RO         3341    i.USART_ReceiveData  stm32f4xx_usart.o
    0x08002ebc   0x00000008   Code   RO         3344    i.USART_SendData    stm32f4xx_usart.o
    0x08002ec4   0x00000002   Code   RO          159    i.UsageFault_Handler  stm32f4xx_it.o
    0x08002ec6   0x00000002   PAD
    0x08002ec8   0x00000020   Code   RO         7623    i.__0printf$8       mc_w.l(printf8.o)
    0x08002ee8   0x00000028   Code   RO         7624    i.__0snprintf$8     mc_w.l(printf8.o)
    0x08002f10   0x0000000e   Code   RO         7756    i.__scatterload_copy  mc_w.l(handlers.o)
    0x08002f1e   0x00000002   Code   RO         7757    i.__scatterload_null  mc_w.l(handlers.o)
    0x08002f20   0x0000000e   Code   RO         7758    i.__scatterload_zeroinit  mc_w.l(handlers.o)
    0x08002f2e   0x00000002   PAD
    0x08002f30   0x00000410   Code   RO         7630    i._printf_core      mc_w.l(printf8.o)
    0x08003340   0x00000024   Code   RO         7631    i._printf_post_padding  mc_w.l(printf8.o)
    0x08003364   0x0000002e   Code   RO         7632    i._printf_pre_padding  mc_w.l(printf8.o)
    0x08003392   0x00000016   Code   RO         7633    i._snputc           mc_w.l(printf8.o)
    0x080033a8   0x000000d8   Code   RO          938    i.abjClock          share.o
    0x08003480   0x00000046   Code   RO         3554    i.acceptManagementMessage  protocol.o
    0x080034c6   0x00000134   Code   RO         3555    i.addForeign        protocol.o
    0x080035fa   0x00000018   Code   RO         3972    i.addTime           arith.o
    0x08003612   0x0000001a   Code   RO         5882    i.adjFreq           stmptp_sys_time.o
    0x0800362c   0x00000092   Code   RO         3741    i.bmc               bmc.o
    0x080036be   0x000000e8   Code   RO         3742    i.bmcDataSetComparison  bmc.o
    0x080037a6   0x00000002   PAD
    0x080037a8   0x0000011c   Code   RO         3743    i.bmcStateDecision  bmc.o
    0x080038c4   0x00000010   Code   RO         3802    i.catch_alarm       timer.o
    0x080038d4   0x00000008   Code   RO         3973    i.clearTime         arith.o
    0x080038dc   0x0000000a   Code   RO         4866    i.copyClockIdentity  msg.o
    0x080038e6   0x00000068   Code   RO         3744    i.copyD0            bmc.o
    0x0800394e   0x0000000e   Code   RO         4867    i.copyPortIdentity  msg.o
    0x0800395c   0x00000028   Code   RO          806    i.cpuidGetId        main.o
    0x08003984   0x00000002   Code   RO         4096    i.displayPortIdentity  display.o
    0x08003986   0x00000002   PAD
    0x08003988   0x00000080   Code   RO         4100    i.displayStatus     display.o
    0x08003a08   0x00000030   Code   RO         3974    i.div2Time          arith.o
    0x08003a38   0x000000a8   Code   RO         3557    i.doInit            protocol.o
    0x08003ae0   0x00000360   Code   RO         3558    i.doState           protocol.o
    0x08003e40   0x000000b0   Code   RO         7291    i.eth_send_ptp      etharp.o
    0x08003ef0   0x000000bc   Code   RO         7292    i.etharp_arp_input  etharp.o
    0x08003fac   0x000000dc   Code   RO         7295    i.etharp_find_entry  etharp.o
    0x08004088   0x00000024   Code   RO         7296    i.etharp_free_entry  etharp.o
    0x080040ac   0x00000104   Code   RO         7297    i.etharp_output     etharp.o
    0x080041b0   0x00000044   Code   RO         7298    i.etharp_output_to_arp_index  etharp.o
    0x080041f4   0x000000ec   Code   RO         7299    i.etharp_query      etharp.o
    0x080042e0   0x000000a0   Code   RO         7300    i.etharp_raw        etharp.o
    0x08004380   0x00000024   Code   RO         7301    i.etharp_request    etharp.o
    0x080043a4   0x00000020   Code   RO         7302    i.etharp_send_ip    etharp.o
    0x080043c4   0x00000048   Code   RO         7303    i.etharp_tmr        etharp.o
    0x0800440c   0x0000007c   Code   RO         7304    i.etharp_update_arp_entry  etharp.o
    0x08004488   0x00000110   Code   RO         7305    i.ethernet_input    etharp.o
    0x08004598   0x00000040   Code   RO          557    i.ethernetif_init   ethernetif.o
    0x080045d8   0x00000026   Code   RO          558    i.ethernetif_input  ethernetif.o
    0x080045fe   0x00000086   Code   RO         4665    i.filter            servo.o
    0x08004684   0x0000001c   Code   RO         4741    i.findIface         net.o
    0x080046a0   0x00000036   Code   RO         3975    i.floorLog2         arith.o
    0x080046d6   0x00000002   PAD
    0x080046d8   0x00000024   Code   RO          807    i.fputc             main.o
    0x080046fc   0x00000050   Code   RO         7677    i.free              mc_w.l(malloc.o)
    0x0800474c   0x0000002e   Code   RO         4877    i.freeMMClockDescription  msg.o
    0x0800477a   0x00000008   Code   RO         4879    i.freeMMErrorStatusTLV  msg.o
    0x08004782   0x0000002c   Code   RO         4880    i.freeMMTLV         msg.o
    0x080047ae   0x0000003c   Code   RO         4882    i.freeManagementTLV  msg.o
    0x080047ea   0x00000014   Code   RO         4885    i.freePTPText       msg.o
    0x080047fe   0x00000014   Code   RO         4886    i.freePhysicalAddress  msg.o
    0x08004812   0x00000018   Code   RO         3976    i.fromInternalTime  arith.o
    0x0800482a   0x00000024   Code   RO         3977    i.getPauseAfterMidnight  arith.o
    0x0800484e   0x00000014   Code   RO         5884    i.getTime           stmptp_sys_time.o
    0x08004862   0x00000002   PAD
    0x08004864   0x00000144   Code   RO         3559    i.handle            protocol.o
    0x080049a8   0x00000294   Code   RO         3560    i.handleAnnounce    protocol.o
    0x08004c3c   0x00000098   Code   RO         3561    i.handleDelayReq    protocol.o
    0x08004cd4   0x00000200   Code   RO         3562    i.handleDelayResp   protocol.o
    0x08004ed4   0x00000048   Code   RO         4470    i.handleErrorManagementMessage  management.o
    0x08004f1c   0x000000d4   Code   RO         3563    i.handleFollowUp    protocol.o
    0x08004ff0   0x00000064   Code   RO         4471    i.handleMMAnnounceReceiptTimeout  management.o
    0x08005054   0x00000060   Code   RO         4472    i.handleMMClockAccuracy  management.o
    0x080050b4   0x000000d4   Code   RO         4473    i.handleMMClockDescription  management.o
    0x08005188   0x00000080   Code   RO         4474    i.handleMMCurrentDataSet  management.o
    0x08005208   0x0000007e   Code   RO         4475    i.handleMMDefaultDataSet  management.o
    0x08005286   0x00000064   Code   RO         4476    i.handleMMDelayMechanism  management.o
    0x080052ea   0x00000048   Code   RO         4477    i.handleMMDisablePort  management.o
    0x08005332   0x00000060   Code   RO         4478    i.handleMMDomain    management.o
    0x08005392   0x0000004e   Code   RO         4479    i.handleMMEnablePort  management.o
    0x080053e0   0x00000002   Code   RO         4480    i.handleMMErrorStatus  management.o
    0x080053e2   0x00000058   Code   RO         4481    i.handleMMInitialize  management.o
    0x0800543a   0x00000064   Code   RO         4482    i.handleMMLogAnnounceInterval  management.o
    0x0800549e   0x00000064   Code   RO         4483    i.handleMMLogMinPdelayReqInterval  management.o
    0x08005502   0x00000064   Code   RO         4484    i.handleMMLogSyncInterval  management.o
    0x08005566   0x00000040   Code   RO         4485    i.handleMMNullManagement  management.o
    0x080055a6   0x00000090   Code   RO         4486    i.handleMMParentDataSet  management.o
    0x08005636   0x00000086   Code   RO         4487    i.handleMMPortDataSet  management.o
    0x080056bc   0x00000060   Code   RO         4488    i.handleMMPriority1  management.o
    0x0800571c   0x00000060   Code   RO         4489    i.handleMMPriority2  management.o
    0x0800577c   0x00000030   Code   RO         4490    i.handleMMResetNonVolatileStorage  management.o
    0x080057ac   0x00000030   Code   RO         4491    i.handleMMSaveInNonVolatileStorage  management.o
    0x080057dc   0x0000005c   Code   RO         4492    i.handleMMSlaveOnly  management.o
    0x08005838   0x0000007c   Code   RO         4493    i.handleMMTime      management.o
    0x080058b4   0x00000052   Code   RO         4494    i.handleMMTimePropertiesDataSet  management.o
    0x08005906   0x0000006c   Code   RO         4495    i.handleMMTraceabilityProperties  management.o
    0x08005972   0x00000002   PAD
    0x08005974   0x00000100   Code   RO         4496    i.handleMMUserDescription  management.o
    0x08005a74   0x00000082   Code   RO         4497    i.handleMMUtcProperties  management.o
    0x08005af6   0x00000066   Code   RO         4498    i.handleMMVersionNumber  management.o
    0x08005b5c   0x0000045a   Code   RO         3564    i.handleManagement  protocol.o
    0x08005fb6   0x0000008e   Code   RO         3565    i.handlePDelayReq   protocol.o
    0x08006044   0x000000e4   Code   RO         3566    i.handlePDelayResp  protocol.o
    0x08006128   0x000000a4   Code   RO         3567    i.handlePDelayRespFollowUp  protocol.o
    0x080061cc   0x00000188   Code   RO         3568    i.handleSync        protocol.o
    0x08006354   0x00000094   Code   RO         3569    i.handle_Repeat     protocol.o
    0x080063e8   0x0000022c   Code   RO         3570    i.handle_ptp_eth    protocol.o
    0x08006614   0x0000007c   Code   RO          649    i.handleap          serial_hand.o
    0x08006690   0x00000008   Code   RO         6921    i.icmp_dest_unreach  icmp.o
    0x08006698   0x000000fc   Code   RO         6922    i.icmp_input        icmp.o
    0x08006794   0x00000064   Code   RO         6923    i.icmp_send_response  icmp.o
    0x080067f8   0x00000008   Code   RO         6924    i.icmp_time_exceeded  icmp.o
    0x08006800   0x00000022   Code   RO         6950    i.igmp_delaying_member  igmp.o
    0x08006822   0x00000002   PAD
    0x08006824   0x000000c4   Code   RO         6952    i.igmp_input        igmp.o
    0x080068e8   0x0000008c   Code   RO         6953    i.igmp_joingroup    igmp.o
    0x08006974   0x000000b4   Code   RO         6954    i.igmp_leavegroup   igmp.o
    0x08006a28   0x00000024   Code   RO         6955    i.igmp_lookfor_group  igmp.o
    0x08006a4c   0x0000003c   Code   RO         6956    i.igmp_lookup_group  igmp.o
    0x08006a88   0x00000024   Code   RO         6957    i.igmp_report_groups  igmp.o
    0x08006aac   0x000000a0   Code   RO         6958    i.igmp_send         igmp.o
    0x08006b4c   0x00000030   Code   RO         6959    i.igmp_start        igmp.o
    0x08006b7c   0x0000001e   Code   RO         6960    i.igmp_start_timer  igmp.o
    0x08006b9a   0x0000000c   Code   RO         7042    i.inet_chksum       inet_chksum.o
    0x08006ba6   0x00000048   Code   RO         7043    i.inet_chksum_pbuf  inet_chksum.o
    0x08006bee   0x00000052   Code   RO         4666    i.initClock         servo.o
    0x08006c40   0x000000c8   Code   RO         3745    i.initData          bmc.o
    0x08006d08   0x00000064   Code   RO         4499    i.initOutgoingMsgManagement  management.o
    0x08006d6c   0x0000000c   Code   RO         3803    i.initTimer         timer.o
    0x08006d78   0x0000002c   Code   RO         3979    i.internalTime_to_integer64  arith.o
    0x08006da4   0x0000002e   Code   RO         7125    i.ip4_addr_isbroadcast  ip_addr.o
    0x08006dd2   0x00000002   PAD
    0x08006dd4   0x00000164   Code   RO         7179    i.ip_frag           ip_frag.o
    0x08006f38   0x00000008   Code   RO         7180    i.ip_frag_free_pbuf_custom_ref  ip_frag.o
    0x08006f40   0x00000190   Code   RO         7080    i.ip_input          ip.o
    0x080070d0   0x0000003e   Code   RO         7081    i.ip_output         ip.o
    0x0800710e   0x0000001e   Code   RO         7082    i.ip_output_if      ip.o
    0x0800712c   0x000000e0   Code   RO         7083    i.ip_output_if_opt  ip.o
    0x0800720c   0x0000018c   Code   RO         7181    i.ip_reass          ip_frag.o
    0x08007398   0x000000e8   Code   RO         7182    i.ip_reass_chain_frag_into_datagram_and_validate  ip_frag.o
    0x08007480   0x00000024   Code   RO         7183    i.ip_reass_dequeue_datagram  ip_frag.o
    0x080074a4   0x00000070   Code   RO         7184    i.ip_reass_free_complete_datagram  ip_frag.o
    0x08007514   0x0000006c   Code   RO         7185    i.ip_reass_remove_oldest_datagram  ip_frag.o
    0x08007580   0x00000040   Code   RO         7084    i.ip_route          ip.o
    0x080075c0   0x000000f8   Code   RO         7128    i.ipaddr_aton       ip_addr.o
    0x080076b8   0x00000016   Code   RO         7187    i.ipfrag_free_pbuf_custom  ip_frag.o
    0x080076ce   0x00000022   Code   RO         3571    i.isFromCurrentParent  protocol.o
    0x080076f0   0x0000011c   Code   RO         3572    i.issueAnnounce     protocol.o
    0x0800780c   0x0000018c   Code   RO         3573    i.issueDelayReq     protocol.o
    0x08007998   0x000000ac   Code   RO         3574    i.issueDelayResp    protocol.o
    0x08007a44   0x000000b8   Code   RO         3575    i.issueFollowup     protocol.o
    0x08007afc   0x00000144   Code   RO         3576    i.issuePDelayReq    protocol.o
    0x08007c40   0x00000168   Code   RO         3577    i.issuePDelayResp   protocol.o
    0x08007da8   0x00000124   Code   RO         3578    i.issuePDelayRespFollowUp  protocol.o
    0x08007ecc   0x00000130   Code   RO         3579    i.issueSync         protocol.o
    0x08007ffc   0x000000e0   Code   RO          559    i.low_level_init    ethernetif.o
    0x080080dc   0x000000a0   Code   RO          560    i.low_level_input   ethernetif.o
    0x0800817c   0x00000114   Code   RO          561    i.low_level_output  ethernetif.o
    0x08008290   0x00000004   Code   RO         5965    i.lwip_htonl        def.o
    0x08008294   0x00000004   Code   RO         5966    i.lwip_htons        def.o
    0x08008298   0x00000004   Code   RO         5967    i.lwip_ntohl        def.o
    0x0800829c   0x00000004   Code   RO         5968    i.lwip_ntohs        def.o
    0x080082a0   0x00000058   Code   RO         7046    i.lwip_standard_chksum  inet_chksum.o
    0x080082f8   0x00000086   Code   RO         3746    i.m1                bmc.o
    0x0800837e   0x00000002   PAD
    0x08008380   0x000000a4   Code   RO          808    i.main              main.o
    0x08008424   0x0000006c   Code   RO         7678    i.malloc            mc_w.l(malloc.o)
    0x08008490   0x00000040   Code   RO         6067    i.mem_free          mem.o
    0x080084d0   0x00000034   Code   RO         6068    i.mem_init          mem.o
    0x08008504   0x000000a8   Code   RO         6069    i.mem_malloc        mem.o
    0x080085ac   0x000000dc   Code   RO         6070    i.mem_trim          mem.o
    0x08008688   0x00000028   Code   RO         6119    i.memp_free         memp.o
    0x080086b0   0x00000058   Code   RO         6120    i.memp_init         memp.o
    0x08008708   0x0000002c   Code   RO         6121    i.memp_malloc       memp.o
    0x08008734   0x000002fc   Code   RO         4895    i.msgDebugAnnounce  msg.o
    0x08008a30   0x0000014c   Code   RO         4897    i.msgDebugDelayResp  msg.o
    0x08008b7c   0x000000c0   Code   RO         4898    i.msgDebugFollowUp  msg.o
    0x08008c3c   0x000002c8   Code   RO         4899    i.msgDebugHeader    msg.o
    0x08008f04   0x000001ac   Code   RO         4900    i.msgDebugManagement  msg.o
    0x080090b0   0x000000a8   Code   RO         4901    i.msgDebugSync      msg.o
    0x08009158   0x000000a0   Code   RO         4902    i.msgDump           msg.o
    0x080091f8   0x000000cc   Code   RO         4903    i.msgPackAnnounce   msg.o
    0x080092c4   0x00000058   Code   RO         4904    i.msgPackDelayReq   msg.o
    0x0800931c   0x00000094   Code   RO         4905    i.msgPackDelayResp  msg.o
    0x080093b0   0x00000068   Code   RO         4906    i.msgPackFollowUp   msg.o
    0x08009418   0x00000048   Code   RO         4907    i.msgPackHeader     msg.o
    0x08009460   0x0000000a   Code   RO         4908    i.msgPackManagement  msg.o
    0x0800946a   0x00000020   Code   RO         4909    i.msgPackManagementErrorStatusTLV  msg.o
    0x0800948a   0x00000164   Code   RO         4910    i.msgPackManagementTLV  msg.o
    0x080095ee   0x0000005e   Code   RO         4911    i.msgPackPDelayReq  msg.o
    0x0800964c   0x0000007c   Code   RO         4912    i.msgPackPDelayResp  msg.o
    0x080096c8   0x00000076   Code   RO         4913    i.msgPackPDelayRespFollowUp  msg.o
    0x0800973e   0x00000002   PAD
    0x08009740   0x00000070   Code   RO         4914    i.msgPackSync       msg.o
    0x080097b0   0x00000062   Code   RO         4915    i.msgUnpackAnnounce  msg.o
    0x08009812   0x00000030   Code   RO         4917    i.msgUnpackDelayResp  msg.o
    0x08009842   0x00000020   Code   RO         4918    i.msgUnpackFollowUp  msg.o
    0x08009862   0x00000080   Code   RO         4919    i.msgUnpackHeader   msg.o
    0x080098e2   0x0000002e   Code   RO         4920    i.msgUnpackManagement  msg.o
    0x08009910   0x00000030   Code   RO         4922    i.msgUnpackPDelayResp  msg.o
    0x08009940   0x00000030   Code   RO         4923    i.msgUnpackPDelayRespFollowUp  msg.o
    0x08009970   0x00000020   Code   RO         4924    i.msgUnpackSync     msg.o
    0x08009990   0x0000001e   Code   RO         4743    i.netEmptyEventQ    net.o
    0x080099ae   0x00000002   PAD
    0x080099b0   0x0000022c   Code   RO         4744    i.netInit           net.o
    0x08009bdc   0x0000000a   Code   RO         4745    i.netQCheck         net.o
    0x08009be6   0x00000028   Code   RO         4746    i.netQGet           net.o
    0x08009c0e   0x0000000a   Code   RO         4747    i.netQInit          net.o
    0x08009c18   0x0000002c   Code   RO         4748    i.netQPut           net.o
    0x08009c44   0x000000a8   Code   RO         4749    i.netRecv           net.o
    0x08009cec   0x00000014   Code   RO         4750    i.netRecvEvent      net.o
    0x08009d00   0x00000068   Code   RO         4751    i.netRecvEventCallback  net.o
    0x08009d68   0x00000014   Code   RO         4752    i.netRecvGeneral    net.o
    0x08009d7c   0x00000068   Code   RO         4753    i.netRecvGeneralCallback  net.o
    0x08009de4   0x0000001e   Code   RO         4754    i.netSelect         net.o
    0x08009e02   0x00000002   PAD
    0x08009e04   0x00000120   Code   RO         4755    i.netSend           net.o
    0x08009f24   0x0000001a   Code   RO         4756    i.netSendEvent      net.o
    0x08009f3e   0x00000018   Code   RO         4757    i.netSendGeneral    net.o
    0x08009f56   0x0000001a   Code   RO         4758    i.netSendPeerEvent  net.o
    0x08009f70   0x00000018   Code   RO         4759    i.netSendPeerGeneral  net.o
    0x08009f88   0x00000054   Code   RO         4760    i.netShutdown       net.o
    0x08009fdc   0x00000058   Code   RO         6167    i.netif_add         netif.o
    0x0800a034   0x00000020   Code   RO         6171    i.netif_set_addr    netif.o
    0x0800a054   0x0000000c   Code   RO         6172    i.netif_set_default  netif.o
    0x0800a060   0x00000008   Code   RO         6174    i.netif_set_gw      netif.o
    0x0800a068   0x00000068   Code   RO         6175    i.netif_set_ipaddr  netif.o
    0x0800a0d0   0x00000008   Code   RO         6178    i.netif_set_netmask  netif.o
    0x0800a0d8   0x00000038   Code   RO         6179    i.netif_set_up      netif.o
    0x0800a110   0x0000004c   Code   RO         3983    i.normalizeTime     arith.o
    0x0800a15c   0x00000084   Code   RO          939    i.offset_time       share.o
    0x0800a1e0   0x00000016   Code   RO          940    i.order             share.o
    0x0800a1f6   0x00000010   Code   RO         4667    i.order             servo.o
    0x0800a206   0x00000016   Code   RO         3747    i.p1                bmc.o
    0x0800a21c   0x00000010   Code   RO         4926    i.packClockIdentity  msg.o
    0x0800a22c   0x00000012   Code   RO         4927    i.packClockQuality  msg.o
    0x0800a23e   0x0000000e   Code   RO         4928    i.packEnumeration16  msg.o
    0x0800a24c   0x00000010   Code   RO         4929    i.packEnumeration4Lower  msg.o
    0x0800a25c   0x0000000e   Code   RO         4932    i.packInteger16     msg.o
    0x0800a26a   0x0000000e   Code   RO         4933    i.packInteger32     msg.o
    0x0800a278   0x00000014   Code   RO         4936    i.packMMAnnounceReceiptTimeout  msg.o
    0x0800a28c   0x00000014   Code   RO         4937    i.packMMClockAccuracy  msg.o
    0x0800a2a0   0x000000ec   Code   RO         4938    i.packMMClockDescription  msg.o
    0x0800a38c   0x00000010   Code   RO         4939    i.packMMCurrentDataSet  msg.o
    0x0800a39c   0x00000052   Code   RO         4940    i.packMMDefaultDataSet  msg.o
    0x0800a3ee   0x00000014   Code   RO         4941    i.packMMDelayMechanism  msg.o
    0x0800a402   0x00000014   Code   RO         4942    i.packMMDomain      msg.o
    0x0800a416   0x0000003a   Code   RO         4943    i.packMMErrorStatus  msg.o
    0x0800a450   0x00000010   Code   RO         4944    i.packMMInitialize  msg.o
    0x0800a460   0x00000014   Code   RO         4945    i.packMMLogAnnounceInterval  msg.o
    0x0800a474   0x00000014   Code   RO         4946    i.packMMLogMinPdelayReqInterval  msg.o
    0x0800a488   0x00000014   Code   RO         4947    i.packMMLogSyncInterval  msg.o
    0x0800a49c   0x0000005c   Code   RO         4948    i.packMMParentDataSet  msg.o
    0x0800a4f8   0x00000056   Code   RO         4949    i.packMMPortDataSet  msg.o
    0x0800a54e   0x00000014   Code   RO         4950    i.packMMPriority1   msg.o
    0x0800a562   0x00000014   Code   RO         4951    i.packMMPriority2   msg.o
    0x0800a576   0x00000014   Code   RO         4952    i.packMMSlaveOnly   msg.o
    0x0800a58a   0x00000010   Code   RO         4953    i.packMMTime        msg.o
    0x0800a59a   0x00000020   Code   RO         4954    i.packMMTimePropertiesDataSet  msg.o
    0x0800a5ba   0x00000014   Code   RO         4955    i.packMMTraceabilityProperties  msg.o
    0x0800a5ce   0x00000024   Code   RO         4956    i.packMMUserDescription  msg.o
    0x0800a5f2   0x00000020   Code   RO         4957    i.packMMUtcProperties  msg.o
    0x0800a612   0x00000024   Code   RO         4958    i.packMMVersionNumber  msg.o
    0x0800a636   0x00000024   Code   RO         4959    i.packManagementTLV  msg.o
    0x0800a65a   0x00000052   Code   RO         4960    i.packMsgHeader     msg.o
    0x0800a6ac   0x00000054   Code   RO         4961    i.packMsgManagement  msg.o
    0x0800a700   0x00000012   Code   RO         4963    i.packNibbleUpper   msg.o
    0x0800a712   0x00000016   Code   RO         4965    i.packPTPText       msg.o
    0x0800a728   0x0000001e   Code   RO         4966    i.packPhysicalAddress  msg.o
    0x0800a746   0x0000001a   Code   RO         4968    i.packPortIdentity  msg.o
    0x0800a760   0x00000008   Code   RO         4970    i.packTimestamp     msg.o
    0x0800a768   0x0000000e   Code   RO         4971    i.packUInteger16    msg.o
    0x0800a776   0x0000000e   Code   RO         4972    i.packUInteger32    msg.o
    0x0800a784   0x00000010   Code   RO         4974    i.packUInteger4Lower  msg.o
    0x0800a794   0x00000118   Code   RO         6265    i.pbuf_alloc        pbuf.o
    0x0800a8ac   0x00000054   Code   RO         6266    i.pbuf_alloced_custom  pbuf.o
    0x0800a900   0x00000028   Code   RO         6267    i.pbuf_cat          pbuf.o
    0x0800a928   0x00000012   Code   RO         6268    i.pbuf_chain        pbuf.o
    0x0800a93a   0x00000012   Code   RO         6269    i.pbuf_clen         pbuf.o
    0x0800a94c   0x0000009a   Code   RO         6271    i.pbuf_copy         pbuf.o
    0x0800a9e6   0x00000068   Code   RO         6272    i.pbuf_copy_partial  pbuf.o
    0x0800aa4e   0x00000060   Code   RO         6274    i.pbuf_free         pbuf.o
    0x0800aaae   0x00000060   Code   RO         6276    i.pbuf_header       pbuf.o
    0x0800ab0e   0x0000004e   Code   RO         6279    i.pbuf_realloc      pbuf.o
    0x0800ab5c   0x0000001a   Code   RO         6280    i.pbuf_ref          pbuf.o
    0x0800ab76   0x0000004e   Code   RO         6282    i.pbuf_take         pbuf.o
    0x0800abc4   0x00000054   Code   RO         6071    i.plug_holes        mem.o
    0x0800ac18   0x000000cc   Code   RO         4139    i.portState_getName  display.o
    0x0800ace4   0x000001d4   Code   RO          650    i.prmtread_decimal  serial_hand.o
    0x0800aeb8   0x00000022   Code   RO         3580    i.processDelayReqFromSelf  protocol.o
    0x0800aeda   0x00000146   Code   RO         3581    i.processMessage    protocol.o
    0x0800b020   0x0000001c   Code   RO         3582    i.processPDelayReqFromSelf  protocol.o
    0x0800b03c   0x00000026   Code   RO         3583    i.processPDelayRespFromSelf  protocol.o
    0x0800b062   0x00000002   PAD
    0x0800b064   0x000000dc   Code   RO         5932    i.ptpdStartup       startup.o
    0x0800b140   0x000000dc   Code   RO         3514    i.ptpd_Periodic_Handle  ptpd.o
    0x0800b21c   0x00000074   Code   RO         6389    i.raw_input         raw.o
    0x0800b290   0x00000012   Code   RO         3584    i.respectUtcOffset  protocol.o
    0x0800b2a2   0x00000002   PAD
    0x0800b2a4   0x000002dc   Code   RO         3748    i.s1                bmc.o
    0x0800b580   0x0000003c   Code   RO         3984    i.scaledNanosecondsToInternalTime  arith.o
    0x0800b5bc   0x00000068   Code   RO         3985    i.secondsToMidnight  arith.o
    0x0800b624   0x00000012   Code   RO         5885    i.setTime           stmptp_sys_time.o
    0x0800b636   0x00000018   Code   RO         3986    i.subTime           arith.o
    0x0800b64e   0x00000002   PAD
    0x0800b650   0x00000010   Code   RO          562    i.sys_arch_protect  ethernetif.o
    0x0800b660   0x0000000c   Code   RO          563    i.sys_arch_unprotect  ethernetif.o
    0x0800b66c   0x0000008c   Code   RO         6463    i.tcp_abandon       tcp.o
    0x0800b6f8   0x00000006   Code   RO         6464    i.tcp_abort         tcp.o
    0x0800b6fe   0x00000002   PAD
    0x0800b700   0x000000f8   Code   RO         6467    i.tcp_alloc         tcp.o
    0x0800b7f8   0x00000014   Code   RO         6470    i.tcp_close         tcp.o
    0x0800b80c   0x00000128   Code   RO         6471    i.tcp_close_shutdown  tcp.o
    0x0800b934   0x0000009a   Code   RO         6727    i.tcp_create_segment  tcp_out.o
    0x0800b9ce   0x00000020   Code   RO         6474    i.tcp_eff_send_mss  tcp.o
    0x0800b9ee   0x000000a6   Code   RO         6728    i.tcp_enqueue_flags  tcp_out.o
    0x0800ba94   0x00000060   Code   RO         6476    i.tcp_fasttmr       tcp.o
    0x0800baf4   0x00000314   Code   RO         6676    i.tcp_input         tcp_in.o
    0x0800be08   0x0000003c   Code   RO         6729    i.tcp_keepalive     tcp_out.o
    0x0800be44   0x000000e4   Code   RO         6677    i.tcp_listen_input  tcp_in.o
    0x0800bf28   0x00000010   Code   RO         6481    i.tcp_next_iss      tcp.o
    0x0800bf38   0x0000018c   Code   RO         6730    i.tcp_output        tcp_out.o
    0x0800c0c4   0x0000006a   Code   RO         6731    i.tcp_output_alloc_header  tcp_out.o
    0x0800c12e   0x00000002   PAD
    0x0800c130   0x000000b0   Code   RO         6732    i.tcp_output_segment  tcp_out.o
    0x0800c1e0   0x00000080   Code   RO         6678    i.tcp_parseopt      tcp_in.o
    0x0800c260   0x0000003a   Code   RO         6482    i.tcp_pcb_purge     tcp.o
    0x0800c29a   0x00000002   PAD
    0x0800c29c   0x00000058   Code   RO         6483    i.tcp_pcb_remove    tcp.o
    0x0800c2f4   0x00000334   Code   RO         6679    i.tcp_process       tcp_in.o
    0x0800c628   0x00000066   Code   RO         6485    i.tcp_process_refused_data  tcp.o
    0x0800c68e   0x00000002   PAD
    0x0800c690   0x00000412   Code   RO         6680    i.tcp_receive       tcp_in.o
    0x0800caa2   0x00000024   Code   RO         6487    i.tcp_recv_null     tcp.o
    0x0800cac6   0x00000038   Code   RO         6488    i.tcp_recved        tcp.o
    0x0800cafe   0x00000052   Code   RO         6734    i.tcp_rexmit        tcp_out.o
    0x0800cb50   0x00000058   Code   RO         6735    i.tcp_rexmit_fast   tcp_out.o
    0x0800cba8   0x0000002e   Code   RO         6736    i.tcp_rexmit_rto    tcp_out.o
    0x0800cbd6   0x00000076   Code   RO         6737    i.tcp_rst           tcp_out.o
    0x0800cc4c   0x0000001c   Code   RO         6489    i.tcp_seg_free      tcp.o
    0x0800cc68   0x00000012   Code   RO         6490    i.tcp_segs_free     tcp.o
    0x0800cc7a   0x00000048   Code   RO         6738    i.tcp_send_empty_ack  tcp_out.o
    0x0800ccc2   0x00000044   Code   RO         6739    i.tcp_send_fin      tcp_out.o
    0x0800cd06   0x00000002   PAD
    0x0800cd08   0x0000025c   Code   RO         6494    i.tcp_slowtmr       tcp.o
    0x0800cf64   0x00000002   Code   RO         6819    i.tcp_timer_needed  timers.o
    0x0800cf66   0x00000002   PAD
    0x0800cf68   0x0000006c   Code   RO         6681    i.tcp_timewait_input  tcp_in.o
    0x0800cfd4   0x00000020   Code   RO         6495    i.tcp_tmr           tcp.o
    0x0800cff4   0x00000034   Code   RO         6496    i.tcp_update_rcv_ann_wnd  tcp.o
    0x0800d028   0x0000008a   Code   RO         6741    i.tcp_zero_window_probe  tcp_out.o
    0x0800d0b2   0x00000002   Code   RO         4144    i.timeInternal_display  display.o
    0x0800d0b4   0x00000028   Code   RO         3804    i.timerExpired      timer.o
    0x0800d0dc   0x0000001a   Code   RO         3806    i.timerStart        timer.o
    0x0800d0f6   0x00000010   Code   RO         3808    i.timerStop         timer.o
    0x0800d106   0x00000002   PAD
    0x0800d108   0x00000040   Code   RO         3810    i.timerUpdate       timer.o
    0x0800d148   0x00000002   Code   RO         4146    i.timestamp_display  display.o
    0x0800d14a   0x00000012   Code   RO         3987    i.toInternalTime    arith.o
    0x0800d15c   0x000002e4   Code   RO         3585    i.toState           protocol.o
    0x0800d440   0x00000098   Code   RO         6831    i.udp_bind          udp.o
    0x0800d4d8   0x00000010   Code   RO         6834    i.udp_disconnect    udp.o
    0x0800d4e8   0x00000154   Code   RO         6836    i.udp_input         udp.o
    0x0800d63c   0x0000001a   Code   RO         6837    i.udp_new           udp.o
    0x0800d656   0x00000006   Code   RO         6838    i.udp_recv          udp.o
    0x0800d65c   0x0000002c   Code   RO         6839    i.udp_remove        udp.o
    0x0800d688   0x0000003a   Code   RO         6841    i.udp_sendto        udp.o
    0x0800d6c2   0x000000d0   Code   RO         6842    i.udp_sendto_if     udp.o
    0x0800d792   0x00000010   Code   RO         4978    i.unpackClockIdentity  msg.o
    0x0800d7a2   0x00000012   Code   RO         4979    i.unpackClockQuality  msg.o
    0x0800d7b4   0x00000012   Code   RO         4988    i.unpackMMAnnounceReceiptTimeout  msg.o
    0x0800d7c6   0x00000012   Code   RO         4989    i.unpackMMClockAccuracy  msg.o
    0x0800d7d8   0x000000ea   Code   RO         4990    i.unpackMMClockDescription  msg.o
    0x0800d8c2   0x0000000a   Code   RO         4991    i.unpackMMCurrentDataSet  msg.o
    0x0800d8cc   0x00000054   Code   RO         4992    i.unpackMMDefaultDataSet  msg.o
    0x0800d920   0x00000012   Code   RO         4993    i.unpackMMDelayMechanism  msg.o
    0x0800d932   0x00000012   Code   RO         4994    i.unpackMMDomain    msg.o
    0x0800d944   0x0000002e   Code   RO         4995    i.unpackMMErrorStatus  msg.o
    0x0800d972   0x0000000a   Code   RO         4996    i.unpackMMInitialize  msg.o
    0x0800d97c   0x00000012   Code   RO         4997    i.unpackMMLogAnnounceInterval  msg.o
    0x0800d98e   0x00000012   Code   RO         4998    i.unpackMMLogMinPdelayReqInterval  msg.o
    0x0800d9a0   0x00000012   Code   RO         4999    i.unpackMMLogSyncInterval  msg.o
    0x0800d9b2   0x00000060   Code   RO         5000    i.unpackMMParentDataSet  msg.o
    0x0800da12   0x0000004e   Code   RO         5001    i.unpackMMPortDataSet  msg.o
    0x0800da60   0x00000012   Code   RO         5002    i.unpackMMPriority1  msg.o
    0x0800da72   0x00000012   Code   RO         5003    i.unpackMMPriority2  msg.o
    0x0800da84   0x00000012   Code   RO         5004    i.unpackMMSlaveOnly  msg.o
    0x0800da96   0x0000000a   Code   RO         5005    i.unpackMMTime      msg.o
    0x0800daa0   0x00000020   Code   RO         5006    i.unpackMMTimePropertiesDataSet  msg.o
    0x0800dac0   0x00000012   Code   RO         5007    i.unpackMMTraceabilityProperties  msg.o
    0x0800dad2   0x00000010   Code   RO         5008    i.unpackMMUserDescription  msg.o
    0x0800dae2   0x00000020   Code   RO         5009    i.unpackMMUtcProperties  msg.o
    0x0800db02   0x0000001e   Code   RO         5010    i.unpackMMVersionNumber  msg.o
    0x0800db20   0x0000002a   Code   RO         5011    i.unpackManagementTLV  msg.o
    0x0800db4a   0x0000005a   Code   RO         5012    i.unpackMsgHeader   msg.o
    0x0800dba4   0x0000004a   Code   RO         5013    i.unpackMsgManagement  msg.o
    0x0800dbee   0x00000016   Code   RO         5017    i.unpackPTPText     msg.o
    0x0800dc04   0x00000020   Code   RO         5018    i.unpackPhysicalAddress  msg.o
    0x0800dc24   0x0000001a   Code   RO         5020    i.unpackPortIdentity  msg.o
    0x0800dc3e   0x00000010   Code   RO         5022    i.unpackTimestamp   msg.o
    0x0800dc4e   0x00000002   PAD
    0x0800dc50   0x000000dc   Code   RO         4669    i.updateClock       servo.o
    0x0800dd2c   0x000000b4   Code   RO         4670    i.updateDelay       servo.o
    0x0800dde0   0x00000070   Code   RO         4671    i.updateOffset      servo.o
    0x0800de50   0x0000007a   Code   RO         4672    i.updatePeerDelay   servo.o
    0x0800deca   0x00000018   Data   RO          942    .constdata          share.o
    0x0800dee2   0x00000028   Data   RO         6123    .constdata          memp.o
    0x0800df0a   0x00000002   PAD
    0x0800df0c   0x00000054   Data   RO         6497    .constdata          tcp.o
    0x0800df60   0x00000004   Data   RO         7132    .constdata          ip_addr.o
    0x0800df64   0x0000000c   Data   RO         7307    .constdata          etharp.o
    0x0800df70   0x0000008d   Data   RO         3586    .conststring        protocol.o
    0x0800dffd   0x00000003   PAD
    0x0800e000   0x000000bd   Data   RO         3749    .conststring        bmc.o
    0x0800e0bd   0x00000003   PAD
    0x0800e0c0   0x000001f8   Data   RO         5029    .conststring        msg.o
    0x0800e2b8   0x00000075   Data   RO         6498    .conststring        tcp.o
    0x0800e32d   0x00000003   PAD
    0x0800e330   0x00000020   Data   RO         7754    Region$$Table       anon$$obj.o


    Execution Region RW_IRAM1 (Base: 0x20000000, Size: 0x0000ffa0, Max: 0x00030000, ABSOLUTE)

    Base Addr    Size         Type   Attr      Idx    E Section Name        Object

    0x20000000   0x00000008   Data   RW          460    .data               stm32f4x7_eth_bsp.o
    0x20000008   0x00000006   Data   RW          564    .data               ethernetif.o
    0x2000000e   0x00000006   Data   RW          652    .data               serial_hand.o
    0x20000014   0x00000004   Data   RW          762    .data               usart6_cofig.o
    0x20000018   0x00000008   Data   RW          810    .data               main.o
    0x20000020   0x00000004   Data   RW          813    .data               main.o
    0x20000024   0x00000008   Data   RW          890    .data               netconf.o
    0x2000002c   0x00000004   Data   RW          943    .data               share.o
    0x20000030   0x00000001   Data   RW         1005    .data               ntp.o
    0x20000031   0x00000003   PAD
    0x20000034   0x00000014   Data   RW         1145    .data               stm32f4x7_eth.o
    0x20000048   0x00000010   Data   RW         2291    .data               stm32f4xx_rcc.o
    0x20000058   0x00000004   Data   RW         3516    .data               ptpd.o
    0x2000005c   0x00000020   Data   RW         3587    .data               protocol.o
    0x2000007c   0x00000004   Data   RW         3811    .data               timer.o
    0x20000080   0x00000004   Data   RW         4673    .data               servo.o
    0x20000084   0x0000000c   Data   RW         6073    .data               mem.o
    0x20000090   0x0000000c   Data   RW         6180    .data               netif.o
    0x2000009c   0x00000004   Data   RW         6395    .data               raw.o
    0x200000a0   0x00000024   Data   RW         6499    .data               tcp.o
    0x200000c4   0x0000001c   Data   RW         6683    .data               tcp_in.o
    0x200000e0   0x00000008   Data   RW         6843    .data               udp.o
    0x200000e8   0x0000000c   Data   RW         6963    .data               igmp.o
    0x200000f4   0x00000014   Data   RW         7085    .data               ip.o
    0x20000108   0x00000008   Data   RW         7188    .data               ip_frag.o
    0x20000110   0x00000001   Data   RW         7308    .data               etharp.o
    0x20000111   0x00000003   PAD
    0x20000114   0x00000004   Data   RW         7402    .data               mc_w.l(rand.o)
    0x20000118   0x00000004   Data   RW         7739    .data               mc_w.l(mvars.o)
    0x2000011c   0x00000004   Data   RW         7740    .data               mc_w.l(mvars.o)
    0x20000120   0x000000bc   Zero   RW          459    .bss                stm32f4x7_eth_bsp.o
    0x200001dc   0x00000055   Zero   RW          651    .bss                serial_hand.o
    0x20000231   0x00000003   PAD
    0x20000234   0x00000028   Zero   RW          761    .bss                usart6_cofig.o
    0x2000025c   0x00000070   Zero   RW          809    .bss                main.o
    0x200002cc   0x00000038   Zero   RW          889    .bss                netconf.o
    0x20000304   0x000000a0   Zero   RW         1140    .bss                stm32f4x7_eth.o
    0x200003a4   0x00000020   Zero   RW         1141    .bss                stm32f4x7_eth.o
    0x200003c4   0x00001dc4   Zero   RW         1142    .bss                stm32f4x7_eth.o
    0x20002188   0x000005f4   Zero   RW         1143    .bss                stm32f4x7_eth.o
    0x2000277c   0x0000000c   Zero   RW         1144    .bss                stm32f4x7_eth.o
    0x20002788   0x00000b48   Zero   RW         3515    .bss                ptpd.o
    0x200032d0   0x0000010c   Zero   RW         4149    .bss                display.o
    0x200033dc   0x00005014   Zero   RW         6072    .bss                mem.o
    0x200083f0   0x00006ed3   Zero   RW         6122    .bss                memp.o
    0x2000f2c3   0x00000001   PAD
    0x2000f2c4   0x00000010   Zero   RW         6682    .bss                tcp_in.o
    0x2000f2d4   0x000000c8   Zero   RW         7306    .bss                etharp.o
    0x2000f39c   0x00000004   PAD
    0x2000f3a0   0x00000400   Zero   RW            2    HEAP                startup_stm32f427x.o
    0x2000f7a0   0x00000800   Zero   RW            1    STACK               startup_stm32f427x.o


==============================================================================

Image component sizes


      Code (inc. data)   RO Data    RW Data    ZI Data      Debug   Object Name

       520         38          0          0          0       9028   arith.o
      1854        252        189          0          0       7464   bmc.o
        16          0          0          0          0       3024   def.o
       338        186          0          0        268       6007   display.o
      1880         70         12          1        200      15161   etharp.o
      1068        146          0          6          0      13999   ethernetif.o
       472         74          0          0          0       3206   flash_hand.o
       368         10          0          0          0       3738   icmp.o
       920         50          0         12          0       9799   igmp.o
         0          0          0          0          0       3952   inet.o
       172          0          0          0          0       3013   inet_chksum.o
         0          0          0          0          0        848   init.o
       780         26          0         20          0       8448   ip.o
       294          6          4          0          0       9184   ip_addr.o
      1270         26          0          8          0       8801   ip_frag.o
      1308        546          0         12        112      34376   main.o
      3094        108          0          0          0      24141   management.o
       588         34          0         12      20500       5677   mem.o
       172         20         40          0      28371       4654   memp.o
       164         22          0          0          0       3143   misc.o
      7532       1636        504          0          0     104505   msg.o
      1636        570          0          0          0      14517   net.o
       316        112          0          8         56      12250   netconf.o
       308         18          0         12          0       8310   netif.o
         0          0          0          1          0        275   ntp.o
      1072          0          0          0          0      10711   pbuf.o
      9548       1896        141         32          0      29590   protocol.o
       556        152          0          4       2888       3223   ptpd.o
       116         12          0          4          0       1848   raw.o
       944         92          0          6         85       5100   serial_hand.o
      1122        104          0          4          0      23083   servo.o
       906         60         24          4          0       8361   share.o
       220         80          0          0          0       1490   startup.o
        36          8        428          0       3072        884   startup_stm32f427x.o
      2378        298          0         20       9348      31382   stm32f4x7_eth.o
      1256         60          0          8        188      36332   stm32f4x7_eth_bsp.o
       156         14          0          0          0       2620   stm32f4xx_exti.o
       342         44          0          0          0       6138   stm32f4xx_flash.o
       202          0          0          0          0       3303   stm32f4xx_gpio.o
       132         14          0          0          0      75069   stm32f4xx_it.o
       312         56          0         16          0       7899   stm32f4xx_rcc.o
        60         10          0          0          0       1418   stm32f4xx_syscfg.o
       516         42          0          0          0       7570   stm32f4xx_usart.o
        64          0          0          0          0       2586   stmptp_sys_time.o
       300         38          0          0          0     254973   system_stm32f4xx.o
      1928         68        201         36          0      24970   tcp.o
      3114        126          0         28         16      16955   tcp_in.o
      1670         10          0          0          0      11519   tcp_out.o
       202         16          0          4          0      21410   timer.o
         2          0          0          0          0        599   timers.o
       850         22          0          8          0       9132   udp.o
       490         74          0          4         40      30009   usart6_cofig.o

    ----------------------------------------------------------------------
     53634       7246       1586        276      65152     945694   Object Totals
         0          0         32          0          0          0   (incl. Generated)
        70          0         11          6          8          0   (incl. Padding)

    ----------------------------------------------------------------------

      Code (inc. data)   RO Data    RW Data    ZI Data      Debug   Library Member Name

        28          0          0          0          0         76   calloc.o
         0          0          0          0          0          0   entry.o
         0          0          0          0          0          0   entry10a.o
         0          0          0          0          0          0   entry11a.o
         8          4          0          0          0          0   entry2.o
         4          0          0          0          0          0   entry5.o
         0          0          0          0          0          0   entry7b.o
         0          0          0          0          0          0   entry8b.o
         8          4          0          0          0          0   entry9a.o
        30          0          0          0          0          0   handlers.o
        36          8          0          0          0         68   init.o
         0          0          0          0          0          0   iusefp.o
        98          0          0          0          0         84   ldiv.o
        30          0          0          0          0         68   llshl.o
        36          0          0          0          0         68   llsshr.o
        32          0          0          0          0         68   llushr.o
       188         20          0          0          0        160   malloc.o
        26          0          0          0          0         80   memcmp.o
        36          0          0          0          0         68   memcpya.o
        36          0          0          0          0        108   memseta.o
         0          0          0          8          0          0   mvars.o
      1216         58          0          0          0        504   printf8.o
        36         10          0          4          0        136   rand.o
        14          0          0          0          0         68   strlen.o
        30          0          0          0          0         80   strncmp.o
        98          0          0          0          0         92   uldiv.o
        56          0          0          0          0         88   d2f.o
       334          0          0          0          0        148   dadd.o
       222          0          0          0          0        100   ddiv.o
       186          0          0          0          0        176   depilogue.o
        34          0          0          0          0         76   dflti.o
        38          0          0          0          0         68   f2d.o
       110          0          0          0          0        168   fepilogue.o

    ----------------------------------------------------------------------
      2972        104          0         12          0       2552   Library Totals
         2          0          0          0          0          0   (incl. Padding)

    ----------------------------------------------------------------------

      Code (inc. data)   RO Data    RW Data    ZI Data      Debug   Library Name

      1990        104          0         12          0       1728   mc_w.l
       980          0          0          0          0        824   mf_w.l

    ----------------------------------------------------------------------
      2972        104          0         12          0       2552   Library Totals

    ----------------------------------------------------------------------

==============================================================================


      Code (inc. data)   RO Data    RW Data    ZI Data      Debug   

     56606       7350       1586        288      65152     898298   Grand Totals
     56606       7350       1586        288      65152     898298   ELF Image Totals
     56606       7350       1586        288          0          0   ROM Totals

==============================================================================

    Total RO  Size (Code + RO Data)                58192 (  56.83kB)
    Total RW  Size (RW Data + ZI Data)             65440 (  63.91kB)
    Total ROM Size (Code + RO Data + RW Data)      58480 (  57.11kB)

==============================================================================

